Archive member included because of file (symbol)

c:/program files (x86)/atmel/atmel toolchain/avr8 gcc/native/3.4.1061/avr8-gnu-toolchain/bin/../lib/gcc/avr/4.8.1/../../../../avr/lib/avr6\libm.a(addsf3.o)
                              PWM/pwm.o (__subsf3)
c:/program files (x86)/atmel/atmel toolchain/avr8 gcc/native/3.4.1061/avr8-gnu-toolchain/bin/../lib/gcc/avr/4.8.1/../../../../avr/lib/avr6\libm.a(addsf3x.o)
                              c:/program files (x86)/atmel/atmel toolchain/avr8 gcc/native/3.4.1061/avr8-gnu-toolchain/bin/../lib/gcc/avr/4.8.1/../../../../avr/lib/avr6\libm.a(addsf3.o) (__addsf3x)
c:/program files (x86)/atmel/atmel toolchain/avr8 gcc/native/3.4.1061/avr8-gnu-toolchain/bin/../lib/gcc/avr/4.8.1/../../../../avr/lib/avr6\libm.a(cmpsf2.o)
                              REGULATOR/regulator.o (__ltsf2)
c:/program files (x86)/atmel/atmel toolchain/avr8 gcc/native/3.4.1061/avr8-gnu-toolchain/bin/../lib/gcc/avr/4.8.1/../../../../avr/lib/avr6\libm.a(divsf3.o)
                              PWM/pwm.o (__divsf3)
c:/program files (x86)/atmel/atmel toolchain/avr8 gcc/native/3.4.1061/avr8-gnu-toolchain/bin/../lib/gcc/avr/4.8.1/../../../../avr/lib/avr6\libm.a(divsf3x.o)
                              c:/program files (x86)/atmel/atmel toolchain/avr8 gcc/native/3.4.1061/avr8-gnu-toolchain/bin/../lib/gcc/avr/4.8.1/../../../../avr/lib/avr6\libm.a(divsf3.o) (__divsf3x)
c:/program files (x86)/atmel/atmel toolchain/avr8 gcc/native/3.4.1061/avr8-gnu-toolchain/bin/../lib/gcc/avr/4.8.1/../../../../avr/lib/avr6\libm.a(fixsfsi.o)
                              REGULATOR/regulator.o (__fixsfsi)
c:/program files (x86)/atmel/atmel toolchain/avr8 gcc/native/3.4.1061/avr8-gnu-toolchain/bin/../lib/gcc/avr/4.8.1/../../../../avr/lib/avr6\libm.a(fixunssfsi.o)
                              PWM/pwm.o (__fixunssfsi)
c:/program files (x86)/atmel/atmel toolchain/avr8 gcc/native/3.4.1061/avr8-gnu-toolchain/bin/../lib/gcc/avr/4.8.1/../../../../avr/lib/avr6\libm.a(floatsisf.o)
                              REGULATOR/regulator.o (__floatunsisf)
c:/program files (x86)/atmel/atmel toolchain/avr8 gcc/native/3.4.1061/avr8-gnu-toolchain/bin/../lib/gcc/avr/4.8.1/../../../../avr/lib/avr6\libm.a(fp_cmp.o)
                              c:/program files (x86)/atmel/atmel toolchain/avr8 gcc/native/3.4.1061/avr8-gnu-toolchain/bin/../lib/gcc/avr/4.8.1/../../../../avr/lib/avr6\libm.a(cmpsf2.o) (__fp_cmp)
c:/program files (x86)/atmel/atmel toolchain/avr8 gcc/native/3.4.1061/avr8-gnu-toolchain/bin/../lib/gcc/avr/4.8.1/../../../../avr/lib/avr6\libm.a(fp_inf.o)
                              c:/program files (x86)/atmel/atmel toolchain/avr8 gcc/native/3.4.1061/avr8-gnu-toolchain/bin/../lib/gcc/avr/4.8.1/../../../../avr/lib/avr6\libm.a(addsf3x.o) (__fp_inf)
c:/program files (x86)/atmel/atmel toolchain/avr8 gcc/native/3.4.1061/avr8-gnu-toolchain/bin/../lib/gcc/avr/4.8.1/../../../../avr/lib/avr6\libm.a(fp_nan.o)
                              c:/program files (x86)/atmel/atmel toolchain/avr8 gcc/native/3.4.1061/avr8-gnu-toolchain/bin/../lib/gcc/avr/4.8.1/../../../../avr/lib/avr6\libm.a(addsf3x.o) (__fp_nan)
c:/program files (x86)/atmel/atmel toolchain/avr8 gcc/native/3.4.1061/avr8-gnu-toolchain/bin/../lib/gcc/avr/4.8.1/../../../../avr/lib/avr6\libm.a(fp_pscA.o)
                              c:/program files (x86)/atmel/atmel toolchain/avr8 gcc/native/3.4.1061/avr8-gnu-toolchain/bin/../lib/gcc/avr/4.8.1/../../../../avr/lib/avr6\libm.a(addsf3x.o) (__fp_pscA)
c:/program files (x86)/atmel/atmel toolchain/avr8 gcc/native/3.4.1061/avr8-gnu-toolchain/bin/../lib/gcc/avr/4.8.1/../../../../avr/lib/avr6\libm.a(fp_pscB.o)
                              c:/program files (x86)/atmel/atmel toolchain/avr8 gcc/native/3.4.1061/avr8-gnu-toolchain/bin/../lib/gcc/avr/4.8.1/../../../../avr/lib/avr6\libm.a(addsf3x.o) (__fp_pscB)
c:/program files (x86)/atmel/atmel toolchain/avr8 gcc/native/3.4.1061/avr8-gnu-toolchain/bin/../lib/gcc/avr/4.8.1/../../../../avr/lib/avr6\libm.a(fp_round.o)
                              c:/program files (x86)/atmel/atmel toolchain/avr8 gcc/native/3.4.1061/avr8-gnu-toolchain/bin/../lib/gcc/avr/4.8.1/../../../../avr/lib/avr6\libm.a(addsf3.o) (__fp_round)
c:/program files (x86)/atmel/atmel toolchain/avr8 gcc/native/3.4.1061/avr8-gnu-toolchain/bin/../lib/gcc/avr/4.8.1/../../../../avr/lib/avr6\libm.a(fp_split3.o)
                              c:/program files (x86)/atmel/atmel toolchain/avr8 gcc/native/3.4.1061/avr8-gnu-toolchain/bin/../lib/gcc/avr/4.8.1/../../../../avr/lib/avr6\libm.a(addsf3x.o) (__fp_split3)
c:/program files (x86)/atmel/atmel toolchain/avr8 gcc/native/3.4.1061/avr8-gnu-toolchain/bin/../lib/gcc/avr/4.8.1/../../../../avr/lib/avr6\libm.a(fp_zero.o)
                              c:/program files (x86)/atmel/atmel toolchain/avr8 gcc/native/3.4.1061/avr8-gnu-toolchain/bin/../lib/gcc/avr/4.8.1/../../../../avr/lib/avr6\libm.a(addsf3x.o) (__fp_zero)
[...]
Memory Configuration

Name             Origin             Length             Attributes
text             0x00000000         0x00100000         xr
data             0x00800200         0x0000fe00         rw !x
eeprom           0x00810000         0x00010000         rw !x
fuse             0x00820000         0x00000400         rw !x
lock             0x00830000         0x00000400         rw !x
signature        0x00840000         0x00000400         rw !x
user_signatures  0x00850000         0x00000400         rw !x
*default*        0x00000000         0xffffffff

Linker script and memory map

Address of section .data set to 0x800200
LOAD c:/program files (x86)/atmel/atmel toolchain/avr8 gcc/native/3.4.1061/avr8-gnu-toolchain/bin/../lib/gcc/avr/4.8.1/../../../../avr/lib/avr6/crtm2560.o
LOAD CAN/can.o
LOAD CAN/can_buffer.o
LOAD DAC/dac.o
LOAD GAME/game.o
LOAD IR_D/irDiodes.o
LOAD main.o
LOAD MCP/mcp.o
LOAD new_interrupts/interrupts.o
LOAD new_interrupts/interrupts_timer.o
LOAD new_interrupts/interrupts_usart.o
LOAD PARSER/parser.o
LOAD PWM/pwm.o
LOAD REGULATOR/regulator.o
LOAD SOLENOID/solenoid.o
LOAD SOUND/sound.o
LOAD SPI/spi.o
LOAD TIMER/timer.o
LOAD TWI/twi.o
LOAD USART/usart.o
START GROUP
LOAD c:/program files (x86)/atmel/atmel toolchain/avr8 gcc/native/3.4.1061/avr8-gnu-toolchain/bin/../lib/gcc/avr/4.8.1/../../../../avr/lib/avr6\libm.a
END GROUP
START GROUP
LOAD c:/program files (x86)/atmel/atmel toolchain/avr8 gcc/native/3.4.1061/avr8-gnu-toolchain/bin/../lib/gcc/avr/4.8.1/avr6\libgcc.a
LOAD c:/program files (x86)/atmel/atmel toolchain/avr8 gcc/native/3.4.1061/avr8-gnu-toolchain/bin/../lib/gcc/avr/4.8.1/../../../../avr/lib/avr6\libm.a
LOAD c:/program files (x86)/atmel/atmel toolchain/avr8 gcc/native/3.4.1061/avr8-gnu-toolchain/bin/../lib/gcc/avr/4.8.1/../../../../avr/lib/avr6\libc.a
END GROUP

.hash
 *(.hash)

.dynsym
 *(.dynsym)

.dynstr
 *(.dynstr)

.gnu.version
 *(.gnu.version)

.gnu.version_d
 *(.gnu.version_d)

.gnu.version_r
 *(.gnu.version_r)

.rel.init
 *(.rel.init)

.rela.init
 *(.rela.init)

.rel.text
 *(.rel.text)
 *(.rel.text.*)
 *(.rel.gnu.linkonce.t*)

.rela.text
 *(.rela.text)
 *(.rela.text.*)
 *(.rela.gnu.linkonce.t*)

.rel.fini
 *(.rel.fini)

.rela.fini
 *(.rela.fini)

.rel.rodata
 *(.rel.rodata)
 *(.rel.rodata.*)
 *(.rel.gnu.linkonce.r*)

.rela.rodata
 *(.rela.rodata)
 *(.rela.rodata.*)
 *(.rela.gnu.linkonce.r*)

.rel.data
 *(.rel.data)
 *(.rel.data.*)
 *(.rel.gnu.linkonce.d*)

.rela.data
 *(.rela.data)
 *(.rela.data.*)
 *(.rela.gnu.linkonce.d*)

.rel.ctors
 *(.rel.ctors)

.rela.ctors
 *(.rela.ctors)

.rel.dtors
 *(.rel.dtors)

.rela.dtors
 *(.rela.dtors)

.rel.got
 *(.rel.got)

.rela.got
 *(.rela.got)

.rel.bss
 *(.rel.bss)

.rela.bss
 *(.rela.bss)

.rel.plt
 *(.rel.plt)

.rela.plt
 *(.rela.plt)

.text           0x00000000     0x2190
 *(.vectors)
 .vectors       0x00000000       0xe4 c:/program files (x86)/atmel/atmel toolchain/avr8 gcc/native/3.4.1061/avr8-gnu-toolchain/bin/../lib/gcc/avr/4.8.1/../../../../avr/lib/avr6/crtm2560.o
                0x00000000                __vectors
 *(.vectors)
 *(.progmem.gcc*)
 .progmem.gcc_sw_table.__vector_39
                0x000000e4       0xa2 TWI/twi.o
                0x00000186                . = ALIGN (0x2)
                0x00000186                __trampolines_start = .
 *(.trampolines)
 .trampolines   0x00000186        0x0 linker stubs
 *(.trampolines*)
                0x00000186                __trampolines_end = .
 *(.progmem*)
                0x00000186                . = ALIGN (0x2)
 *(.jumptables)
 *(.jumptables*)
 *(.lowtext)
 *(.lowtext*)
                0x00000186                __ctors_start = .
 *(.ctors)
                0x00000186                __ctors_end = .
                0x00000186                __dtors_start = .
 *(.dtors)
                0x00000186                __dtors_end = .
 SORT(*)(.ctors)
 SORT(*)(.dtors)
 *(.init0)
 .init0         0x00000186        0x0 c:/program files (x86)/atmel/atmel toolchain/avr8 gcc/native/3.4.1061/avr8-gnu-toolchain/bin/../lib/gcc/avr/4.8.1/../../../../avr/lib/avr6/crtm2560.o
                0x00000186                __init
 *(.init0)
 *(.init1)
 *(.init1)
 *(.init2)
 .init2         0x00000186       0x10 c:/program files (x86)/atmel/atmel toolchain/avr8 gcc/native/3.4.1061/avr8-gnu-toolchain/bin/../lib/gcc/avr/4.8.1/../../../../avr/lib/avr6/crtm2560.o
 *(.init2)
 *(.init3)
 *(.init3)
 *(.init4)
 .init4         0x00000196       0x1a c:/program files (x86)/atmel/atmel toolchain/avr8 gcc/native/3.4.1061/avr8-gnu-toolchain/bin/../lib/gcc/avr/4.8.1/avr6\libgcc.a(_copy_data.o)
                0x00000196                __do_copy_data
 .init4         0x000001b0       0x10 c:/program files (x86)/atmel/atmel toolchain/avr8 gcc/native/3.4.1061/avr8-gnu-toolchain/bin/../lib/gcc/avr/4.8.1/avr6\libgcc.a(_clear_bss.o)
                0x000001b0                __do_clear_bss
 *(.init4)
 *(.init5)
 *(.init5)
 *(.init6)
 *(.init6)
 *(.init7)
 *(.init7)
 *(.init8)
 *(.init8)
 *(.init9)
 .init9         0x000001c0        0x6 c:/program files (x86)/atmel/atmel toolchain/avr8 gcc/native/3.4.1061/avr8-gnu-toolchain/bin/../lib/gcc/avr/4.8.1/../../../../avr/lib/avr6/crtm2560.o
 *(.init9)
 *(.text)
 .text          0x000001c6        0x2 c:/program files (x86)/atmel/atmel toolchain/avr8 gcc/native/3.4.1061/avr8-gnu-toolchain/bin/../lib/gcc/avr/4.8.1/../../../../avr/lib/avr6/crtm2560.o
                0x000001c6                __vector_38
                0x000001c6                __vector_22
                0x000001c6                __vector_28
                0x000001c6                __vector_1
                0x000001c6                __vector_34
                0x000001c6                __vector_24
                0x000001c6                __vector_12
                0x000001c6                __vector_55
                0x000001c6                __vector_46
                0x000001c6                __bad_interrupt
                0x000001c6                __vector_6
                0x000001c6                __vector_31
                0x000001c6                __vector_3
                0x000001c6                __vector_23
                0x000001c6                __vector_30
                0x000001c6                __vector_45
                0x000001c6                __vector_25
                0x000001c6                __vector_11
                0x000001c6                __vector_54
                0x000001c6                __vector_13
                0x000001c6                __vector_17
                0x000001c6                __vector_19
                0x000001c6                __vector_56
                0x000001c6                __vector_7
                0x000001c6                __vector_49
                0x000001c6                __vector_41
                0x000001c6                __vector_43
                0x000001c6                __vector_27
                0x000001c6                __vector_5
                0x000001c6                __vector_33
                0x000001c6                __vector_47
                0x000001c6                __vector_52
                0x000001c6                __vector_37
                0x000001c6                __vector_4
                0x000001c6                __vector_44
                0x000001c6                __vector_51
                0x000001c6                __vector_9
                0x000001c6                __vector_21
                0x000001c6                __vector_15
                0x000001c6                __vector_36
                0x000001c6                __vector_29
                0x000001c6                __vector_40
                0x000001c6                __vector_8
                0x000001c6                __vector_26
                0x000001c6                __vector_48
                0x000001c6                __vector_14
                0x000001c6                __vector_53
                0x000001c6                __vector_10
                0x000001c6                __vector_16
                0x000001c6                __vector_18
                0x000001c6                __vector_20
                0x000001c6                __vector_42
                0x000001c8                . = ALIGN (0x2)
 *(.text.*)
 .text.can_setMode
                0x000001c8        0xa CAN/can.o
                0x000001c8                can_setMode
 .text.can_init
                0x000001d2       0x80 CAN/can.o
                0x000001d2                can_init
 .text.can_create_massage
                0x00000252       0xc4 CAN/can.o
                0x00000252                can_create_massage
 .text.can_message_to_buffer
                0x00000316       0xe2 CAN/can.o
                0x00000316                can_message_to_buffer
 .text.can_findFreeTransmitBuffer
                0x000003f8       0x5c CAN/can.o
                0x000003f8                can_findFreeTransmitBuffer
 .text.can_send_message
                0x00000454       0x54 CAN/can.o
                0x00000454                can_send_message
 .text.parseId  0x000004a8       0x1a CAN/can.o
                0x000004a8                parseId
 .text.can_recieve_message
                0x000004c2       0xd2 CAN/can.o
                0x000004c2                can_recieve_message
 .text.can_findFullReceiveBuffer
                0x00000594       0x1a CAN/can.o
                0x00000594                can_findFullReceiveBuffer
 .text.can_findReceiveBuffer
                0x000005ae       0x34 CAN/can.o
                0x000005ae                can_findReceiveBuffer
 .text.can_handleRecievedMessages
                0x000005e2       0x3a CAN/can.o
                0x000005e2                can_handleRecievedMessages
 .text.can_print_message
                0x0000061c       0x74 CAN/can.o
                0x0000061c                can_print_message
 .text.__vector_2
                0x00000690       0x90 CAN/can.o
                0x00000690                __vector_2
 .text.dac_setVoltage
                0x00000720       0x38 DAC/dac.o
                0x00000720                dac_setVoltage
 .text._setMotorDirectionForward
                0x00000758       0x1c DAC/dac.o
                0x00000758                _setMotorDirectionForward
 .text._mototInit
                0x00000774       0x3e DAC/dac.o
                0x00000774                _mototInit
 .text.dac_init
                0x000007b2       0x1a DAC/dac.o
                0x000007b2                dac_init
 .text._motorReadEncoder
                0x000007cc       0x38 DAC/dac.o
                0x000007cc                _motorReadEncoder
 .text.dac_conrolMotor
                0x00000804       0x28 DAC/dac.o
                0x00000804                dac_conrolMotor
 .text.game_handelPoints
                0x0000082c       0x88 GAME/game.o
                0x0000082c                game_handelPoints
 .text.game_initNewGame
                0x000008b4       0x14 GAME/game.o
                0x000008b4                game_initNewGame
 .text.game_endGame
                0x000008c8        0xc GAME/game.o
                0x000008c8                game_endGame
 .text.game_sendBeamBrokenMessage
                0x000008d4       0x3c GAME/game.o
                0x000008d4                game_sendBeamBrokenMessage
 .text.game_interrupt_handleIrBeam
                0x00000910       0xc0 GAME/game.o
                0x00000910                game_interrupt_handleIrBeam
 .text.ir_init  0x000009d0       0x40 IR_D/irDiodes.o
                0x000009d0                ir_init
 .text.ir_enableBeam
                0x00000a10       0x16 IR_D/irDiodes.o
                0x00000a10                ir_enableBeam
 .text.ir_disableBeam
                0x00000a26       0x12 IR_D/irDiodes.o
                0x00000a26                ir_disableBeam
 .text.ir_detectBeamBlocked
                0x00000a38       0x32 IR_D/irDiodes.o
                0x00000a38                ir_detectBeamBlocked
 .text.init     0x00000a6a       0x1a main.o
                0x00000a6a                init
 .text.main     0x00000a84       0x10 main.o
                0x00000a84                main
 .text.mcp_reset
                0x00000a94        0xa MCP/mcp.o
                0x00000a94                mcp_reset
 .text.mcp_init
                0x00000a9e        0x4 MCP/mcp.o
                0x00000a9e                mcp_init
 .text.mcp_read
                0x00000aa2       0x42 MCP/mcp.o
                0x00000aa2                mcp_read
 .text.mcp_write
                0x00000ae4       0x42 MCP/mcp.o
                0x00000ae4                mcp_write
 .text.mcp_requestToSend
                0x00000b26       0x32 MCP/mcp.o
                0x00000b26                mcp_requestToSend
 .text.mcp_readStatus
                0x00000b58       0x14 MCP/mcp.o
                0x00000b58                mcp_readStatus
 .text.mcp_bitModify
                0x00000b6c       0x28 MCP/mcp.o
                0x00000b6c                mcp_bitModify
 .text.__vector_default
                0x00000b94       0x14 MCP/mcp.o
                0x00000b94                __vector_default
 .text.interrupts_init
                0x00000ba8        0x8 new_interrupts/interrupts.o
                0x00000ba8                interrupts_init
 .text._setTimerInterruptMode
                0x00000bb0       0x5a new_interrupts/interrupts_timer.o
                0x00000bb0                _setTimerInterruptMode
 .text._setPrescaler
                0x00000c0a        0xc new_interrupts/interrupts_timer.o
                0x00000c0a                _setPrescaler
 .text._setTimerValue
                0x00000c16       0x4e new_interrupts/interrupts_timer.o
                0x00000c16                _setTimerValue
 .text._enableTimerInterrupts
                0x00000c64       0x26 new_interrupts/interrupts_timer.o
                0x00000c64                _enableTimerInterrupts
 .text.interrupts_timer_init
                0x00000c8a       0x14 new_interrupts/interrupts_timer.o
                0x00000c8a                interrupts_timer_init
 .text.__vector_32
                0x00000c9e       0x66 new_interrupts/interrupts_timer.o
                0x00000c9e                __vector_32
 .text.__vector_35
                0x00000d04       0x30 new_interrupts/interrupts_timer.o
                0x00000d04                __vector_35
 .text.interrupts_usart_init
                0x00000d34        0xe new_interrupts/interrupts_usart.o
                0x00000d34                interrupts_usart_init
 .text.parser_handleRecievedMessages
                0x00000d42       0xb0 PARSER/parser.o
                0x00000d42                parser_handleRecievedMessages
 .text.pwm_init
                0x00000df2       0x5c PWM/pwm.o
                0x00000df2                pwm_init
 .text.pwm_controlDutyCycle
                0x00000e4e       0x50 PWM/pwm.o
                0x00000e4e                pwm_controlDutyCycle
 .text.pwm_setDefault
                0x00000e9e        0xe PWM/pwm.o
                0x00000e9e                pwm_setDefault
 .text.regulator_setReference
                0x00000eac        0xa REGULATOR/regulator.o
                0x00000eac                regulator_setReference
 .text.regulator_init
                0x00000eb6       0x24 REGULATOR/regulator.o
                0x00000eb6                regulator_init
 .text.regulator_tuneSpeed
                0x00000eda       0x3c REGULATOR/regulator.o
                0x00000eda                regulator_tuneSpeed
 .text.regulator_updateEncoder
                0x00000f16       0x20 REGULATOR/regulator.o
                0x00000f16                regulator_updateEncoder
 .text.regulator_calculate
                0x00000f36      0x144 REGULATOR/regulator.o
                0x00000f36                regulator_calculate
 .text.solenoid_init
                0x0000107a        0x6 SOLENOID/solenoid.o
                0x0000107a                solenoid_init
 .text.solenoid_push
                0x00001080        0x4 SOLENOID/solenoid.o
                0x00001080                solenoid_push
 .text.solenoid_release
                0x00001084        0x4 SOLENOID/solenoid.o
                0x00001084                solenoid_release
 .text.solenoid_interrupt_handlePush
                0x00001088       0x2a SOLENOID/solenoid.o
                0x00001088                solenoid_interrupt_handlePush
 .text.solenoid_generatePush
                0x000010b2       0x16 SOLENOID/solenoid.o
                0x000010b2                solenoid_generatePush
 .text.sound_turnOn
                0x000010c8       0x1c SOUND/sound.o
                0x000010c8                sound_turnOn
 .text.sound_init
                0x000010e4       0x12 SOUND/sound.o
                0x000010e4                sound_init
 .text.spi_init
                0x000010f6        0xc SPI/spi.o
                0x000010f6                spi_init
 .text.spi_startTransmision
                0x00001102        0x4 SPI/spi.o
                0x00001102                spi_startTransmision
 .text.spi_endTransmision
                0x00001106        0x4 SPI/spi.o
                0x00001106                spi_endTransmision
 .text.spi_transmitByte
                0x0000110a        0xa SPI/spi.o
                0x0000110a                spi_transmitByte
 .text.spi_readByte
                0x00001114        0x8 SPI/spi.o
                0x00001114                spi_readByte
 .text.timer_init
                0x0000111c       0x16 TIMER/timer.o
                0x0000111c                timer_init
 .text.timer_get
                0x00001132        0xa TIMER/timer.o
                0x00001132                timer_get
 .text.timer_reset
                0x0000113c        0xa TIMER/timer.o
                0x0000113c                timer_reset
 .text.__vector_50
                0x00001146       0x2e TIMER/timer.o
                0x00001146                __vector_50
 .text.TWI_Master_Initialise
                0x00001174       0x14 TWI/twi.o
                0x00001174                TWI_Master_Initialise
 .text.TWI_Start_Transceiver_With_Data
                0x00001188       0x44 TWI/twi.o
                0x00001188                TWI_Start_Transceiver_With_Data
 .text.__vector_39
                0x000011cc      0x106 TWI/twi.o
                0x000011cc                __vector_39
 .text.usart_getchar
                0x000012d2       0x12 USART/usart.o
                0x000012d2                usart_getchar
 .text.usart_putchar
                0x000012e4       0x12 USART/usart.o
                0x000012e4                usart_putchar
 .text.usart_init
                0x000012f6       0x26 USART/usart.o
                0x000012f6                usart_init
 .text.printf_char
                0x0000131c       0x1c USART/usart.o
                0x0000131c                printf_char
 .text.printf_int
                0x00001338       0x38 USART/usart.o
                0x00001338                printf_int
 .text.avr-libc.fplib
                0x00001370        0xa c:/program files (x86)/atmel/atmel toolchain/avr8 gcc/native/3.4.1061/avr8-gnu-toolchain/bin/../lib/gcc/avr/4.8.1/../../../../avr/lib/avr6\libm.a(addsf3.o)
                0x00001370                __subsf3
                0x00001372                __addsf3
 .text.avr-libc.fplib
                0x0000137a       0xc0 c:/program files (x86)/atmel/atmel toolchain/avr8 gcc/native/3.4.1061/avr8-gnu-toolchain/bin/../lib/gcc/avr/4.8.1/../../../../avr/lib/avr6\libm.a(addsf3x.o)
                0x00001394                __addsf3x
 .text.avr-libc.fplib
                0x0000143a        0x8 c:/program files (x86)/atmel/atmel toolchain/avr8 gcc/native/3.4.1061/avr8-gnu-toolchain/bin/../lib/gcc/avr/4.8.1/../../../../avr/lib/avr6\libm.a(cmpsf2.o)
                0x0000143a                __nesf2
                0x0000143a                __eqsf2
                0x0000143a                __cmpsf2
                0x0000143a                __ltsf2
                0x0000143a                __lesf2
 .text.avr-libc.fplib
                0x00001442        0x4 c:/program files (x86)/atmel/atmel toolchain/avr8 gcc/native/3.4.1061/avr8-gnu-toolchain/bin/../lib/gcc/avr/4.8.1/../../../../avr/lib/avr6\libm.a(divsf3.o)
                0x00001442                __divsf3
 .text.avr-libc.fplib
                0x00001446       0xcc c:/program files (x86)/atmel/atmel toolchain/avr8 gcc/native/3.4.1061/avr8-gnu-toolchain/bin/../lib/gcc/avr/4.8.1/../../../../avr/lib/avr6\libm.a(divsf3x.o)
                0x0000145c                __divsf3x
                0x00001460                __divsf3_pse
 .text.avr-libc.fplib
                0x00001512        0xa c:/program files (x86)/atmel/atmel toolchain/avr8 gcc/native/3.4.1061/avr8-gnu-toolchain/bin/../lib/gcc/avr/4.8.1/../../../../avr/lib/avr6\libm.a(fixsfsi.o)
                0x00001512                __fixsfsi
 .text.avr-libc.fplib
                0x0000151c       0x58 c:/program files (x86)/atmel/atmel toolchain/avr8 gcc/native/3.4.1061/avr8-gnu-toolchain/bin/../lib/gcc/avr/4.8.1/../../../../avr/lib/avr6\libm.a(fixunssfsi.o)
                0x0000151c                __fixunssfsi
 .text.avr-libc.fplib
                0x00001574       0x7a c:/program files (x86)/atmel/atmel toolchain/avr8 gcc/native/3.4.1061/avr8-gnu-toolchain/bin/../lib/gcc/avr/4.8.1/../../../../avr/lib/avr6\libm.a(floatsisf.o)
                0x00001574                __floatunsisf
                0x00001578                __floatsisf
 .text.avr-libc.fplib
                0x000015ee       0x48 c:/program files (x86)/atmel/atmel toolchain/avr8 gcc/native/3.4.1061/avr8-gnu-toolchain/bin/../lib/gcc/avr/4.8.1/../../../../avr/lib/avr6\libm.a(fp_cmp.o)
                0x000015ee                __fp_cmp
 .text.avr-libc.fplib
                0x00001636        0xc c:/program files (x86)/atmel/atmel toolchain/avr8 gcc/native/3.4.1061/avr8-gnu-toolchain/bin/../lib/gcc/avr/4.8.1/../../../../avr/lib/avr6\libm.a(fp_inf.o)
                0x00001636                __fp_inf
 .text.avr-libc.fplib
                0x00001642        0x6 c:/program files (x86)/atmel/atmel toolchain/avr8 gcc/native/3.4.1061/avr8-gnu-toolchain/bin/../lib/gcc/avr/4.8.1/../../../../avr/lib/avr6\libm.a(fp_nan.o)
                0x00001642                __fp_nan
 .text.avr-libc.fplib
                0x00001648        0xe c:/program files (x86)/atmel/atmel toolchain/avr8 gcc/native/3.4.1061/avr8-gnu-toolchain/bin/../lib/gcc/avr/4.8.1/../../../../avr/lib/avr6\libm.a(fp_pscA.o)
                0x00001648                __fp_pscA
 .text.avr-libc.fplib
                0x00001656        0xe c:/program files (x86)/atmel/atmel toolchain/avr8 gcc/native/3.4.1061/avr8-gnu-toolchain/bin/../lib/gcc/avr/4.8.1/../../../../avr/lib/avr6\libm.a(fp_pscB.o)
                0x00001656                __fp_pscB
 .text.avr-libc.fplib
                0x00001664       0x22 c:/program files (x86)/atmel/atmel toolchain/avr8 gcc/native/3.4.1061/avr8-gnu-toolchain/bin/../lib/gcc/avr/4.8.1/../../../../avr/lib/avr6\libm.a(fp_round.o)
                0x00001664                __fp_round
 .text.avr-libc.fplib
                0x00001686       0x44 c:/program files (x86)/atmel/atmel toolchain/avr8 gcc/native/3.4.1061/avr8-gnu-toolchain/bin/../lib/gcc/avr/4.8.1/../../../../avr/lib/avr6\libm.a(fp_split3.o)
                0x00001686                __fp_split3
                0x00001696                __fp_splitA
 .text.avr-libc.fplib
                0x000016ca        0xe c:/program files (x86)/atmel/atmel toolchain/avr8 gcc/native/3.4.1061/avr8-gnu-toolchain/bin/../lib/gcc/avr/4.8.1/../../../../avr/lib/avr6\libm.a(fp_zero.o)
                0x000016ca                __fp_zero
                0x000016cc                __fp_szero
 .text.avr-libc.fplib
                0x000016d8        0x8 c:/program files (x86)/atmel/atmel toolchain/avr8 gcc/native/3.4.1061/avr8-gnu-toolchain/bin/../lib/gcc/avr/4.8.1/../../../../avr/lib/avr6\libm.a(gesf2.o)
                0x000016d8                __gesf2
                0x000016d8                __gtsf2
 .text.avr-libc.fplib
                0x000016e0        0x4 c:/program files (x86)/atmel/atmel toolchain/avr8 gcc/native/3.4.1061/avr8-gnu-toolchain/bin/../lib/gcc/avr/4.8.1/../../../../avr/lib/avr6\libm.a(mulsf3.o)
                0x000016e0                __mulsf3
 .text.avr-libc.fplib
                0x000016e4       0xc2 c:/program files (x86)/atmel/atmel toolchain/avr8 gcc/native/3.4.1061/avr8-gnu-toolchain/bin/../lib/gcc/avr/4.8.1/../../../../avr/lib/avr6\libm.a(mulsf3x.o)
                0x000016f8                __mulsf3x
                0x000016fc                __mulsf3_pse
 .text.libgcc.div
                0x000017a6       0x26 c:/program files (x86)/atmel/atmel toolchain/avr8 gcc/native/3.4.1061/avr8-gnu-toolchain/bin/../lib/gcc/avr/4.8.1/avr6\libgcc.a(_divmodhi4.o)
                0x000017a6                _div
                0x000017a6                __divmodhi4
 .text.libgcc.div
                0x000017cc       0x28 c:/program files (x86)/atmel/atmel toolchain/avr8 gcc/native/3.4.1061/avr8-gnu-toolchain/bin/../lib/gcc/avr/4.8.1/avr6\libgcc.a(_divmodsi4.o)
                0x000017cc                __divmodsi4
 .text.libgcc.div
                0x000017f4       0x10 c:/program files (x86)/atmel/atmel toolchain/avr8 gcc/native/3.4.1061/avr8-gnu-toolchain/bin/../lib/gcc/avr/4.8.1/avr6\libgcc.a(_negsi2.o)
                0x000017f4                __negsi2
 .text.libgcc   0x00001804        0xc c:/program files (x86)/atmel/atmel toolchain/avr8 gcc/native/3.4.1061/avr8-gnu-toolchain/bin/../lib/gcc/avr/4.8.1/avr6\libgcc.a(_tablejump.o)
                0x00001804                __tablejump2__
                0x00001808                __tablejump__
 .text.libgcc.mul
                0x00001810        0xc c:/program files (x86)/atmel/atmel toolchain/avr8 gcc/native/3.4.1061/avr8-gnu-toolchain/bin/../lib/gcc/avr/4.8.1/avr6\libgcc.a(_mulshisi3.o)
                0x00001810                __mulshisi3
                0x00001814                __mulohisi3
 .text.libgcc.div
                0x0000181c       0x28 c:/program files (x86)/atmel/atmel toolchain/avr8 gcc/native/3.4.1061/avr8-gnu-toolchain/bin/../lib/gcc/avr/4.8.1/avr6\libgcc.a(_udivmodhi4.o)
                0x0000181c                __udivmodhi4
 .text.libgcc.div
                0x00001844       0x44 c:/program files (x86)/atmel/atmel toolchain/avr8 gcc/native/3.4.1061/avr8-gnu-toolchain/bin/../lib/gcc/avr/4.8.1/avr6\libgcc.a(_udivmodsi4.o)
                0x00001844                __udivmodsi4
 .text.libgcc.mul
                0x00001888       0x14 c:/program files (x86)/atmel/atmel toolchain/avr8 gcc/native/3.4.1061/avr8-gnu-toolchain/bin/../lib/gcc/avr/4.8.1/avr6\libgcc.a(_muluhisi3.o)
                0x00001888                __muluhisi3
 .text.libgcc.mul
                0x0000189c       0x1e c:/program files (x86)/atmel/atmel toolchain/avr8 gcc/native/3.4.1061/avr8-gnu-toolchain/bin/../lib/gcc/avr/4.8.1/avr6\libgcc.a(_umulhisi3.o)
                0x0000189c                __umulhisi3
 .text.avr-libc
                0x000018ba      0x24e c:/program files (x86)/atmel/atmel toolchain/avr8 gcc/native/3.4.1061/avr8-gnu-toolchain/bin/../lib/gcc/avr/4.8.1/../../../../avr/lib/avr6\libc.a(malloc.o)
                0x000018ba                malloc
                0x000019ea                free
 .text.avr-libc
                0x00001b08       0x94 c:/program files (x86)/atmel/atmel toolchain/avr8 gcc/native/3.4.1061/avr8-gnu-toolchain/bin/../lib/gcc/avr/4.8.1/../../../../avr/lib/avr6\libc.a(fdevopen.o)
                0x00001b08                fdevopen
 .text.avr-libc
                0x00001b9c       0x22 c:/program files (x86)/atmel/atmel toolchain/avr8 gcc/native/3.4.1061/avr8-gnu-toolchain/bin/../lib/gcc/avr/4.8.1/../../../../avr/lib/avr6\libc.a(printf.o)
                0x00001b9c                printf
 .text.avr-libc
                0x00001bbe        0xa c:/program files (x86)/atmel/atmel toolchain/avr8 gcc/native/3.4.1061/avr8-gnu-toolchain/bin/../lib/gcc/avr/4.8.1/../../../../avr/lib/avr6\libc.a(putchar.o)
                0x00001bbe                putchar
 .text.avr-libc
                0x00001bc8       0x5a c:/program files (x86)/atmel/atmel toolchain/avr8 gcc/native/3.4.1061/avr8-gnu-toolchain/bin/../lib/gcc/avr/4.8.1/../../../../avr/lib/avr6\libc.a(puts.o)
                0x00001bc8                puts
 .text.avr-libc
                0x00001c22      0x3dc c:/program files (x86)/atmel/atmel toolchain/avr8 gcc/native/3.4.1061/avr8-gnu-toolchain/bin/../lib/gcc/avr/4.8.1/../../../../avr/lib/avr6\libc.a(vfprintf_std.o)
                0x00001c22                vfprintf
 .text.avr-libc
                0x00001ffe       0x34 c:/program files (x86)/atmel/atmel toolchain/avr8 gcc/native/3.4.1061/avr8-gnu-toolchain/bin/../lib/gcc/avr/4.8.1/../../../../avr/lib/avr6\libc.a(calloc.o)
                0x00001ffe                calloc
 .text.avr-libc
                0x00002032       0x16 c:/program files (x86)/atmel/atmel toolchain/avr8 gcc/native/3.4.1061/avr8-gnu-toolchain/bin/../lib/gcc/avr/4.8.1/../../../../avr/lib/avr6\libc.a(strnlen_P.o)
                0x00002032                strnlen_P
 .text.avr-libc
                0x00002048        0xe c:/program files (x86)/atmel/atmel toolchain/avr8 gcc/native/3.4.1061/avr8-gnu-toolchain/bin/../lib/gcc/avr/4.8.1/../../../../avr/lib/avr6\libc.a(memset.o)
                0x00002048                memset
 .text.avr-libc
                0x00002056       0x16 c:/program files (x86)/atmel/atmel toolchain/avr8 gcc/native/3.4.1061/avr8-gnu-toolchain/bin/../lib/gcc/avr/4.8.1/../../../../avr/lib/avr6\libc.a(strnlen.o)
                0x00002056                strnlen
 .text.avr-libc
                0x0000206c       0x64 c:/program files (x86)/atmel/atmel toolchain/avr8 gcc/native/3.4.1061/avr8-gnu-toolchain/bin/../lib/gcc/avr/4.8.1/../../../../avr/lib/avr6\libc.a(fputc.o)
                0x0000206c                fputc
 .text.avr-libc
                0x000020d0       0xbc c:/program files (x86)/atmel/atmel toolchain/avr8 gcc/native/3.4.1061/avr8-gnu-toolchain/bin/../lib/gcc/avr/4.8.1/../../../../avr/lib/avr6\libc.a(ultoa_invert.o)
                0x000020d0                __ultoa_invert
                0x0000218c                . = ALIGN (0x2)
 *(.fini9)
 .fini9         0x0000218c        0x0 c:/program files (x86)/atmel/atmel toolchain/avr8 gcc/native/3.4.1061/avr8-gnu-toolchain/bin/../lib/gcc/avr/4.8.1/avr6\libgcc.a(_exit.o)
                0x0000218c                _exit
                0x0000218c                exit
 *(.fini9)
 *(.fini8)
 *(.fini8)
 *(.fini7)
 *(.fini7)
 *(.fini6)
 *(.fini6)
 *(.fini5)
 *(.fini5)
 *(.fini4)
 *(.fini4)
 *(.fini3)
 *(.fini3)
 *(.fini2)
 *(.fini2)
 *(.fini1)
 *(.fini1)
 *(.fini0)
 .fini0         0x0000218c        0x4 c:/program files (x86)/atmel/atmel toolchain/avr8 gcc/native/3.4.1061/avr8-gnu-toolchain/bin/../lib/gcc/avr/4.8.1/avr6\libgcc.a(_exit.o)
 *(.fini0)
                0x00002190                _etext = .

.data           0x00800200      0x35a load address 0x00002190
                0x00800200                PROVIDE (__data_start, .)
 *(.data)
 .data          0x00800200        0x6 c:/program files (x86)/atmel/atmel toolchain/avr8 gcc/native/3.4.1061/avr8-gnu-toolchain/bin/../lib/gcc/avr/4.8.1/../../../../avr/lib/avr6\libc.a(malloc.o)
                0x00800200                __malloc_heap_end
                0x00800202                __malloc_heap_start
                0x00800204                __malloc_margin
 *(.data*)
 .data.subCounter.1980
                0x00800206        0x2 GAME/game.o
 .data.beamTimer.1981
                0x00800208        0x2 GAME/game.o
 .data.delay.1976
                0x0080020a        0x2 GAME/game.o
 .data.TWI_state
                0x0080020c        0x1 TWI/twi.o
 *(.rodata)
 *(.rodata*)
 .rodata.str1.1
                0x0080020d      0x1f0 CAN/can.o
                                0x1f2 (size before relaxing)
 .rodata.str1.1
                0x008003fd       0x15 GAME/game.o
 .rodata.str1.1
                0x00800412       0x1d IR_D/irDiodes.o
 .rodata.str1.1
                0x0080042f       0x16 main.o
 .rodata.str1.1
                0x00800445       0x9a new_interrupts/interrupts_timer.o
 .rodata.str1.1
                0x008004df       0x1e new_interrupts/interrupts_usart.o
 .rodata.str1.1
                0x008004fd       0x58 PARSER/parser.o
                                 0x5a (size before relaxing)
 .rodata.str1.1
                0x00800555        0x5 SOLENOID/solenoid.o
 *(.gnu.linkonce.d*)
                0x0080055a                . = ALIGN (0x2)
                0x0080055a                _edata = .
                0x0080055a                PROVIDE (__data_end, .)

.bss            0x0080055a       0x2e
                0x0080055a                PROVIDE (__bss_start, .)
 *(.bss)
 *(.bss*)
 .bss.gameRunning
                0x0080055a        0x2 GAME/game.o
 .bss.gameNumber
                0x0080055c        0x1 GAME/game.o
 .bss.irBeamEnabled
                0x0080055d        0x2 IR_D/irDiodes.o
                0x0080055d                irBeamEnabled
 .bss.overflow  0x0080055f        0x2 new_interrupts/interrupts_timer.o
 .bss.counter   0x00800561        0x2 new_interrupts/interrupts_timer.o
 .bss.reference
                0x00800563        0x2 REGULATOR/regulator.o
 .bss.solenoid_pushTimeRemaining
                0x00800565        0x2 SOLENOID/solenoid.o
 .bss.timer     0x00800567        0x2 TIMER/timer.o
 .bss.TWI_bufPtr.1980
                0x00800569        0x1 TWI/twi.o
 .bss.TWI_statusReg
                0x0080056a        0x1 TWI/twi.o
                0x0080056a                TWI_statusReg
 .bss.TWI_msgSize
                0x0080056b        0x1 TWI/twi.o
 .bss.TWI_buf   0x0080056c        0x4 TWI/twi.o
 *(COMMON)
 COMMON         0x00800570        0xe REGULATOR/regulator.o
                0x00800570                encoderOld
                0x00800572                Ki
                0x00800576                Kp
                0x0080057a                encoderDifference
                0x0080057c                integral
 COMMON         0x0080057e        0x4 c:/program files (x86)/atmel/atmel toolchain/avr8 gcc/native/3.4.1061/avr8-gnu-toolchain/bin/../lib/gcc/avr/4.8.1/../../../../avr/lib/avr6\libc.a(malloc.o)
                0x0080057e                __brkval
                0x00800580                __flp
 COMMON         0x00800582        0x6 c:/program files (x86)/atmel/atmel toolchain/avr8 gcc/native/3.4.1061/avr8-gnu-toolchain/bin/../lib/gcc/avr/4.8.1/../../../../avr/lib/avr6\libc.a(iob.o)
                0x00800582                __iob
                0x00800588                PROVIDE (__bss_end, .)
                0x00002190                __data_load_start = LOADADDR (.data)
                0x000024ea                __data_load_end = (__data_load_start + SIZEOF (.data))

.noinit         0x00800588        0x0
                0x00800588                PROVIDE (__noinit_start, .)
 *(.noinit*)
                0x00800588                PROVIDE (__noinit_end, .)
                0x00800588                _end = .
                0x00800588                PROVIDE (__heap_start, .)

.eeprom         0x00810000        0x0
 *(.eeprom*)
                0x00810000                __eeprom_end = .

.fuse
 *(.fuse)
 *(.lfuse)
 *(.hfuse)
 *(.efuse)

.lock
 *(.lock*)

.signature
 *(.signature*)

.user_signatures
 *(.user_signatures*)

.stab
 *(.stab)

.stabstr
 *(.stabstr)

.stab.excl
 *(.stab.excl)

.stab.exclstr
 *(.stab.exclstr)

.stab.index
 *(.stab.index)

.stab.indexstr
 *(.stab.indexstr)

.comment        0x00000000       0x5c
 *(.comment)
 .comment       0x00000000       0x30 CAN/can.o
                                 0x31 (size before relaxing)
 .comment       0x00000000       0x31 DAC/dac.o
 .comment       0x00000000       0x31 GAME/game.o
 .comment       0x00000000       0x31 IR_D/irDiodes.o
 .comment       0x00000000       0x31 main.o
 .comment       0x00000000       0x31 MCP/mcp.o
 .comment       0x00000000       0x31 new_interrupts/interrupts.o
 .comment       0x00000000       0x31 new_interrupts/interrupts_timer.o
 .comment       0x00000000       0x31 new_interrupts/interrupts_usart.o
 .comment       0x00000000       0x31 PARSER/parser.o
 .comment       0x00000000       0x31 PWM/pwm.o
 .comment       0x00000000       0x31 REGULATOR/regulator.o
 .comment       0x00000000       0x31 SOLENOID/solenoid.o
 .comment       0x00000000       0x31 SOUND/sound.o
 .comment       0x00000000       0x31 SPI/spi.o
 .comment       0x00000000       0x31 TIMER/timer.o
 .comment       0x00000000       0x31 TWI/twi.o
 .comment       0x00000000       0x31 USART/usart.o
 .comment       0x00000000       0x31 c:/program files (x86)/atmel/atmel toolchain/avr8 gcc/native/3.4.1061/avr8-gnu-toolchain/bin/../lib/gcc/avr/4.8.1/../../../../avr/lib/avr6\libc.a(malloc.o)
 .comment       0x00000000       0x31 c:/program files (x86)/atmel/atmel toolchain/avr8 gcc/native/3.4.1061/avr8-gnu-toolchain/bin/../lib/gcc/avr/4.8.1/../../../../avr/lib/avr6\libc.a(fdevopen.o)
 .comment       0x00000000       0x31 c:/program files (x86)/atmel/atmel toolchain/avr8 gcc/native/3.4.1061/avr8-gnu-toolchain/bin/../lib/gcc/avr/4.8.1/../../../../avr/lib/avr6\libc.a(iob.o)
 .comment       0x00000000       0x31 c:/program files (x86)/atmel/atmel toolchain/avr8 gcc/native/3.4.1061/avr8-gnu-toolchain/bin/../lib/gcc/avr/4.8.1/../../../../avr/lib/avr6\libc.a(printf.o)
 .comment       0x00000000       0x31 c:/program files (x86)/atmel/atmel toolchain/avr8 gcc/native/3.4.1061/avr8-gnu-toolchain/bin/../lib/gcc/avr/4.8.1/../../../../avr/lib/avr6\libc.a(putchar.o)
 .comment       0x00000000       0x31 c:/program files (x86)/atmel/atmel toolchain/avr8 gcc/native/3.4.1061/avr8-gnu-toolchain/bin/../lib/gcc/avr/4.8.1/../../../../avr/lib/avr6\libc.a(puts.o)
 .comment       0x00000030       0x2c c:/program files (x86)/atmel/atmel toolchain/avr8 gcc/native/3.4.1061/avr8-gnu-toolchain/bin/../lib/gcc/avr/4.8.1/../../../../avr/lib/avr6\libc.a(vfprintf_std.o)
                                 0x2d (size before relaxing)
 .comment       0x00000000       0x31 c:/program files (x86)/atmel/atmel toolchain/avr8 gcc/native/3.4.1061/avr8-gnu-toolchain/bin/../lib/gcc/avr/4.8.1/../../../../avr/lib/avr6\libc.a(calloc.o)
 .comment       0x00000000       0x31 c:/program files (x86)/atmel/atmel toolchain/avr8 gcc/native/3.4.1061/avr8-gnu-toolchain/bin/../lib/gcc/avr/4.8.1/../../../../avr/lib/avr6\libc.a(fputc.o)

.note.gnu.build-id
 *(.note.gnu.build-id)

.debug
 *(.debug)

.line
 *(.line)

.debug_srcinfo
 *(.debug_srcinfo)

.debug_sfnames
 *(.debug_sfnames)

.debug_aranges  0x00000000      0x4d0
 *(.debug_aranges)
 .debug_aranges
                0x00000000       0xa0 CAN/can.o
 .debug_aranges
                0x000000a0       0x48 DAC/dac.o
 .debug_aranges
                0x000000e8       0x40 GAME/game.o
 .debug_aranges
                0x00000128       0x38 IR_D/irDiodes.o
 .debug_aranges
                0x00000160       0x28 main.o
 .debug_aranges
                0x00000188       0x68 MCP/mcp.o
 .debug_aranges
                0x000001f0       0x28 new_interrupts/interrupts.o
 .debug_aranges
                0x00000218       0x60 new_interrupts/interrupts_timer.o
 .debug_aranges
                0x00000278       0x20 new_interrupts/interrupts_usart.o
 .debug_aranges
                0x00000298       0x30 PARSER/parser.o
 .debug_aranges
                0x000002c8       0x30 PWM/pwm.o
 .debug_aranges
                0x000002f8       0x50 REGULATOR/regulator.o
 .debug_aranges
                0x00000348       0x40 SOLENOID/solenoid.o
 .debug_aranges
                0x00000388       0x28 SOUND/sound.o
 .debug_aranges
                0x000003b0       0x48 SPI/spi.o
 .debug_aranges
                0x000003f8       0x40 TIMER/timer.o
 .debug_aranges
                0x00000438       0x50 TWI/twi.o
 .debug_aranges
                0x00000488       0x48 USART/usart.o

.debug_pubnames
 *(.debug_pubnames)

.debug_info     0x00000000     0x34f9
 *(.debug_info .gnu.linkonce.wi.*)
 .debug_info    0x00000000      0xe20 CAN/can.o
 .debug_info    0x00000e20      0x3cc DAC/dac.o
 .debug_info    0x000011ec      0x3d7 GAME/game.o
 .debug_info    0x000015c3      0x179 IR_D/irDiodes.o
 .debug_info    0x0000173c      0x20e main.o
 .debug_info    0x0000194a      0x4b5 MCP/mcp.o
 .debug_info    0x00001dff      0x115 new_interrupts/interrupts.o
 .debug_info    0x00001f14      0x2c7 new_interrupts/interrupts_timer.o
 .debug_info    0x000021db       0xde new_interrupts/interrupts_usart.o
 .debug_info    0x000022b9      0x3cb PARSER/parser.o
 .debug_info    0x00002684       0xff PWM/pwm.o
 .debug_info    0x00002783      0x387 REGULATOR/regulator.o
 .debug_info    0x00002b0a      0x14d SOLENOID/solenoid.o
 .debug_info    0x00002c57       0xc8 SOUND/sound.o
 .debug_info    0x00002d1f      0x168 SPI/spi.o
 .debug_info    0x00002e87       0xf1 TIMER/timer.o
 .debug_info    0x00002f78      0x284 TWI/twi.o
 .debug_info    0x000031fc      0x2fd USART/usart.o

.debug_abbrev   0x00000000     0x1763
 *(.debug_abbrev)
 .debug_abbrev  0x00000000      0x374 CAN/can.o
 .debug_abbrev  0x00000374      0x1f9 DAC/dac.o
 .debug_abbrev  0x0000056d      0x1b2 GAME/game.o
 .debug_abbrev  0x0000071f       0xf6 IR_D/irDiodes.o
 .debug_abbrev  0x00000815       0xeb main.o
 .debug_abbrev  0x00000900      0x193 MCP/mcp.o
 .debug_abbrev  0x00000a93       0xab new_interrupts/interrupts.o
 .debug_abbrev  0x00000b3e      0x198 new_interrupts/interrupts_timer.o
 .debug_abbrev  0x00000cd6       0x9c new_interrupts/interrupts_usart.o
 .debug_abbrev  0x00000d72      0x1ad PARSER/parser.o
 .debug_abbrev  0x00000f1f       0x87 PWM/pwm.o
 .debug_abbrev  0x00000fa6      0x1ac REGULATOR/regulator.o
 .debug_abbrev  0x00001152       0xc9 SOLENOID/solenoid.o
 .debug_abbrev  0x0000121b       0x8f SOUND/sound.o
 .debug_abbrev  0x000012aa      0x100 SPI/spi.o
 .debug_abbrev  0x000013aa       0x95 TIMER/timer.o
 .debug_abbrev  0x0000143f      0x18f TWI/twi.o
 .debug_abbrev  0x000015ce      0x195 USART/usart.o

.debug_line     0x00000000     0x236d
 *(.debug_line .debug_line.* .debug_line_end)
 .debug_line    0x00000000      0x657 CAN/can.o
 .debug_line    0x00000657      0x289 DAC/dac.o
 .debug_line    0x000008e0      0x1a1 GAME/game.o
 .debug_line    0x00000a81      0x17f IR_D/irDiodes.o
 .debug_line    0x00000c00      0x1a1 main.o
 .debug_line    0x00000da1      0x2b5 MCP/mcp.o
 .debug_line    0x00001056       0xc6 new_interrupts/interrupts.o
 .debug_line    0x0000111c      0x267 new_interrupts/interrupts_timer.o
 .debug_line    0x00001383       0x84 new_interrupts/interrupts_usart.o
 .debug_line    0x00001407      0x2be PARSER/parser.o
 .debug_line    0x000016c5      0x132 PWM/pwm.o
 .debug_line    0x000017f7      0x222 REGULATOR/regulator.o
 .debug_line    0x00001a19      0x14b SOLENOID/solenoid.o
 .debug_line    0x00001b64       0xdd SOUND/sound.o
 .debug_line    0x00001c41      0x16e SPI/spi.o
 .debug_line    0x00001daf      0x125 TIMER/timer.o
 .debug_line    0x00001ed4      0x2bb TWI/twi.o
 .debug_line    0x0000218f      0x1de USART/usart.o

.debug_frame    0x00000000      0xb88
 *(.debug_frame)
 .debug_frame   0x00000000      0x2a8 CAN/can.o
 .debug_frame   0x000002a8       0x90 DAC/dac.o
 .debug_frame   0x00000338       0x84 GAME/game.o
 .debug_frame   0x000003bc       0x54 IR_D/irDiodes.o
 .debug_frame   0x00000410       0x34 main.o
 .debug_frame   0x00000444      0x120 MCP/mcp.o
 .debug_frame   0x00000564       0x34 new_interrupts/interrupts.o
 .debug_frame   0x00000598      0x144 new_interrupts/interrupts_timer.o
 .debug_frame   0x000006dc       0x24 new_interrupts/interrupts_usart.o
 .debug_frame   0x00000700       0x6c PARSER/parser.o
 .debug_frame   0x0000076c       0x44 PWM/pwm.o
 .debug_frame   0x000007b0       0xec REGULATOR/regulator.o
 .debug_frame   0x0000089c       0x64 SOLENOID/solenoid.o
 .debug_frame   0x00000900       0x34 SOUND/sound.o
 .debug_frame   0x00000934       0x84 SPI/spi.o
 .debug_frame   0x000009b8       0x78 TIMER/timer.o
 .debug_frame   0x00000a30       0xb8 TWI/twi.o
 .debug_frame   0x00000ae8       0xa0 USART/usart.o

.debug_str      0x00000000      0xd17
 *(.debug_str)
 .debug_str     0x00000000      0x44f CAN/can.o
                                0x4b8 (size before relaxing)
 .debug_str     0x0000044f       0xef DAC/dac.o
                                0x2c2 (size before relaxing)
 .debug_str     0x0000053e       0xf3 GAME/game.o
                                0x2cb (size before relaxing)
 .debug_str     0x00000631       0x35 IR_D/irDiodes.o
                                0x203 (size before relaxing)
 .debug_str     0x00000666       0x57 main.o
                                0x23b (size before relaxing)
 .debug_str     0x000006bd      0x119 MCP/mcp.o
                                0x2d1 (size before relaxing)
 .debug_str     0x000007d6       0x66 new_interrupts/interrupts.o
                                0x201 (size before relaxing)
 .debug_str     0x0000083c       0xf7 new_interrupts/interrupts_timer.o
                                0x2d5 (size before relaxing)
 .debug_str     0x00000933       0x25 new_interrupts/interrupts_usart.o
                                0x1c9 (size before relaxing)
 .debug_str     0x00000958       0xa3 PARSER/parser.o
                                0x2af (size before relaxing)
 .debug_str     0x000009fb       0x36 PWM/pwm.o
                                0x1f8 (size before relaxing)
 .debug_str     0x00000a31       0xee REGULATOR/regulator.o
                                0x305 (size before relaxing)
 .debug_str     0x00000b1f       0x51 SOLENOID/solenoid.o
                                0x226 (size before relaxing)
 .debug_str     0x00000b70       0x1e SOUND/sound.o
                                0x1af (size before relaxing)
 .debug_str     0x00000b8e       0x2d SPI/spi.o
                                0x1ff (size before relaxing)
 .debug_str     0x00000bbb       0x2e TIMER/timer.o
                                0x1c1 (size before relaxing)
 .debug_str     0x00000be9       0xc3 TWI/twi.o
                                0x286 (size before relaxing)
 .debug_str     0x00000cac       0x6b USART/usart.o
                                0x225 (size before relaxing)

.debug_loc      0x00000000     0x2017
 *(.debug_loc)
 .debug_loc     0x00000000      0xb51 CAN/can.o
 .debug_loc     0x00000b51      0x170 DAC/dac.o
 .debug_loc     0x00000cc1       0xaf GAME/game.o
 .debug_loc     0x00000d70       0x1e IR_D/irDiodes.o
 .debug_loc     0x00000d8e      0x426 MCP/mcp.o
 .debug_loc     0x000011b4      0x286 new_interrupts/interrupts_timer.o
 .debug_loc     0x0000143a      0x369 PARSER/parser.o
 .debug_loc     0x000017a3       0xa4 PWM/pwm.o
 .debug_loc     0x00001847      0x3a6 REGULATOR/regulator.o
 .debug_loc     0x00001bed       0x44 SOUND/sound.o
 .debug_loc     0x00001c31       0x48 SPI/spi.o
 .debug_loc     0x00001c79       0x49 TIMER/timer.o
 .debug_loc     0x00001cc2      0x150 TWI/twi.o
 .debug_loc     0x00001e12      0x205 USART/usart.o

.debug_macinfo
 *(.debug_macinfo)

.debug_weaknames
 *(.debug_weaknames)

.debug_funcnames
 *(.debug_funcnames)

.debug_typenames
 *(.debug_typenames)

.debug_varnames
 *(.debug_varnames)

.debug_pubtypes
 *(.debug_pubtypes)

.debug_ranges   0x00000000      0x3c8
 *(.debug_ranges)
 .debug_ranges  0x00000000       0xa8 CAN/can.o
 .debug_ranges  0x000000a8       0x38 DAC/dac.o
 .debug_ranges  0x000000e0       0x30 GAME/game.o
 .debug_ranges  0x00000110       0x28 IR_D/irDiodes.o
 .debug_ranges  0x00000138       0x18 main.o
 .debug_ranges  0x00000150       0x58 MCP/mcp.o
 .debug_ranges  0x000001a8       0x18 new_interrupts/interrupts.o
 .debug_ranges  0x000001c0       0x50 new_interrupts/interrupts_timer.o
 .debug_ranges  0x00000210       0x10 new_interrupts/interrupts_usart.o
 .debug_ranges  0x00000220       0x20 PARSER/parser.o
 .debug_ranges  0x00000240       0x20 PWM/pwm.o
 .debug_ranges  0x00000260       0x40 REGULATOR/regulator.o
 .debug_ranges  0x000002a0       0x30 SOLENOID/solenoid.o
 .debug_ranges  0x000002d0       0x18 SOUND/sound.o
 .debug_ranges  0x000002e8       0x38 SPI/spi.o
 .debug_ranges  0x00000320       0x30 TIMER/timer.o
 .debug_ranges  0x00000350       0x40 TWI/twi.o
 .debug_ranges  0x00000390       0x38 USART/usart.o

.debug_macro
 *(.debug_macro)
OUTPUT(TDK4155_Group1_Node2.elf elf32-avr)
LOAD linker stubs
