Archive member included because of file (symbol)

c:/program files (x86)/atmel/atmel toolchain/avr8 gcc/native/3.4.1061/avr8-gnu-toolchain/bin/../lib/gcc/avr/4.8.1/avr5\libgcc.a(_divmodhi4.o)
                              ADC/adc.o (__divmodhi4)
c:/program files (x86)/atmel/atmel toolchain/avr8 gcc/native/3.4.1061/avr8-gnu-toolchain/bin/../lib/gcc/avr/4.8.1/avr5\libgcc.a(_exit.o)
                              c:/program files (x86)/atmel/atmel toolchain/avr8 gcc/native/3.4.1061/avr8-gnu-toolchain/bin/../lib/gcc/avr/4.8.1/../../../../avr/lib/avr5/crtm162.o (exit)
c:/program files (x86)/atmel/atmel toolchain/avr8 gcc/native/3.4.1061/avr8-gnu-toolchain/bin/../lib/gcc/avr/4.8.1/avr5\libgcc.a(_copy_data.o)
                              CAN/can.o (__do_copy_data)
c:/program files (x86)/atmel/atmel toolchain/avr8 gcc/native/3.4.1061/avr8-gnu-toolchain/bin/../lib/gcc/avr/4.8.1/avr5\libgcc.a(_clear_bss.o)
                              ADC/adc.o (__do_clear_bss)
c:/program files (x86)/atmel/atmel toolchain/avr8 gcc/native/3.4.1061/avr8-gnu-toolchain/bin/../lib/gcc/avr/4.8.1/avr5\libgcc.a(_udivmodhi4.o)
                              c:/program files (x86)/atmel/atmel toolchain/avr8 gcc/native/3.4.1061/avr8-gnu-toolchain/bin/../lib/gcc/avr/4.8.1/avr5\libgcc.a(_divmodhi4.o) (__udivmodhi4)
c:/program files (x86)/atmel/atmel toolchain/avr8 gcc/native/3.4.1061/avr8-gnu-toolchain/bin/../lib/gcc/avr/4.8.1/../../../../avr/lib/avr5\libc.a(fdevopen.o)
                              main.o (fdevopen)
c:/program files (x86)/atmel/atmel toolchain/avr8 gcc/native/3.4.1061/avr8-gnu-toolchain/bin/../lib/gcc/avr/4.8.1/../../../../avr/lib/avr5\libc.a(iob.o)
                              c:/program files (x86)/atmel/atmel toolchain/avr8 gcc/native/3.4.1061/avr8-gnu-toolchain/bin/../lib/gcc/avr/4.8.1/../../../../avr/lib/avr5\libc.a(fdevopen.o) (__iob)
c:/program files (x86)/atmel/atmel toolchain/avr8 gcc/native/3.4.1061/avr8-gnu-toolchain/bin/../lib/gcc/avr/4.8.1/../../../../avr/lib/avr5\libc.a(printf.o)
                              OLED/DISPLAY/display.o (printf)
c:/program files (x86)/atmel/atmel toolchain/avr8 gcc/native/3.4.1061/avr8-gnu-toolchain/bin/../lib/gcc/avr/4.8.1/../../../../avr/lib/avr5\libc.a(putchar.o)
                              OLED/DISPLAY/display.o (putchar)
c:/program files (x86)/atmel/atmel toolchain/avr8 gcc/native/3.4.1061/avr8-gnu-toolchain/bin/../lib/gcc/avr/4.8.1/../../../../avr/lib/avr5\libc.a(vfprintf_std.o)
                              c:/program files (x86)/atmel/atmel toolchain/avr8 gcc/native/3.4.1061/avr8-gnu-toolchain/bin/../lib/gcc/avr/4.8.1/../../../../avr/lib/avr5\libc.a(printf.o) (vfprintf)
c:/program files (x86)/atmel/atmel toolchain/avr8 gcc/native/3.4.1061/avr8-gnu-toolchain/bin/../lib/gcc/avr/4.8.1/../../../../avr/lib/avr5\libc.a(calloc.o)
                              c:/program files (x86)/atmel/atmel toolchain/avr8 gcc/native/3.4.1061/avr8-gnu-toolchain/bin/../lib/gcc/avr/4.8.1/../../../../avr/lib/avr5\libc.a(fdevopen.o) (calloc)
c:/program files (x86)/atmel/atmel toolchain/avr8 gcc/native/3.4.1061/avr8-gnu-toolchain/bin/../lib/gcc/avr/4.8.1/../../../../avr/lib/avr5\libc.a(malloc.o)
                              c:/program files (x86)/atmel/atmel toolchain/avr8 gcc/native/3.4.1061/avr8-gnu-toolchain/bin/../lib/gcc/avr/4.8.1/../../../../avr/lib/avr5\libc.a(calloc.o) (malloc)
c:/program files (x86)/atmel/atmel toolchain/avr8 gcc/native/3.4.1061/avr8-gnu-toolchain/bin/../lib/gcc/avr/4.8.1/../../../../avr/lib/avr5\libc.a(strnlen_P.o)
                              c:/program files (x86)/atmel/atmel toolchain/avr8 gcc/native/3.4.1061/avr8-gnu-toolchain/bin/../lib/gcc/avr/4.8.1/../../../../avr/lib/avr5\libc.a(vfprintf_std.o) (strnlen_P)
c:/program files (x86)/atmel/atmel toolchain/avr8 gcc/native/3.4.1061/avr8-gnu-toolchain/bin/../lib/gcc/avr/4.8.1/../../../../avr/lib/avr5\libc.a(memset.o)
                              c:/program files (x86)/atmel/atmel toolchain/avr8 gcc/native/3.4.1061/avr8-gnu-toolchain/bin/../lib/gcc/avr/4.8.1/../../../../avr/lib/avr5\libc.a(calloc.o) (memset)
c:/program files (x86)/atmel/atmel toolchain/avr8 gcc/native/3.4.1061/avr8-gnu-toolchain/bin/../lib/gcc/avr/4.8.1/../../../../avr/lib/avr5\libc.a(strnlen.o)
                              c:/program files (x86)/atmel/atmel toolchain/avr8 gcc/native/3.4.1061/avr8-gnu-toolchain/bin/../lib/gcc/avr/4.8.1/../../../../avr/lib/avr5\libc.a(vfprintf_std.o) (strnlen)
c:/program files (x86)/atmel/atmel toolchain/avr8 gcc/native/3.4.1061/avr8-gnu-toolchain/bin/../lib/gcc/avr/4.8.1/../../../../avr/lib/avr5\libc.a(fputc.o)
                              c:/program files (x86)/atmel/atmel toolchain/avr8 gcc/native/3.4.1061/avr8-gnu-toolchain/bin/../lib/gcc/avr/4.8.1/../../../../avr/lib/avr5\libc.a(putchar.o) (fputc)
c:/program files (x86)/atmel/atmel toolchain/avr8 gcc/native/3.4.1061/avr8-gnu-toolchain/bin/../lib/gcc/avr/4.8.1/../../../../avr/lib/avr5\libc.a(ultoa_invert.o)
                              c:/program files (x86)/atmel/atmel toolchain/avr8 gcc/native/3.4.1061/avr8-gnu-toolchain/bin/../lib/gcc/avr/4.8.1/../../../../avr/lib/avr5\libc.a(vfprintf_std.o) (__ultoa_invert)
c:/program files (x86)/atmel/atmel toolchain/avr8 gcc/native/3.4.1061/avr8-gnu-toolchain/bin/../lib/gcc/avr/4.8.1/avr5\libgcc.a(_prologue.o)
                              c:/program files (x86)/atmel/atmel toolchain/avr8 gcc/native/3.4.1061/avr8-gnu-toolchain/bin/../lib/gcc/avr/4.8.1/../../../../avr/lib/avr5\libc.a(printf.o) (__prologue_saves__)
c:/program files (x86)/atmel/atmel toolchain/avr8 gcc/native/3.4.1061/avr8-gnu-toolchain/bin/../lib/gcc/avr/4.8.1/avr5\libgcc.a(_epilogue.o)
                              c:/program files (x86)/atmel/atmel toolchain/avr8 gcc/native/3.4.1061/avr8-gnu-toolchain/bin/../lib/gcc/avr/4.8.1/../../../../avr/lib/avr5\libc.a(printf.o) (__epilogue_restores__)

Allocating common symbols
Common symbol       size              file

null_X              0x2               ADC/adc.o
pos                 0x4               ADC/adc.o
__brkval            0x2               c:/program files (x86)/atmel/atmel toolchain/avr8 gcc/native/3.4.1061/avr8-gnu-toolchain/bin/../lib/gcc/avr/4.8.1/../../../../avr/lib/avr5\libc.a(malloc.o)
oldPos              0x4               GAME/game.o
oldRightSliderPosition
                    0x2               GAME/game.o
null_Y              0x2               ADC/adc.o
__flp               0x2               c:/program files (x86)/atmel/atmel toolchain/avr8 gcc/native/3.4.1061/avr8-gnu-toolchain/bin/../lib/gcc/avr/4.8.1/../../../../avr/lib/avr5\libc.a(malloc.o)
__iob               0x6               c:/program files (x86)/atmel/atmel toolchain/avr8 gcc/native/3.4.1061/avr8-gnu-toolchain/bin/../lib/gcc/avr/4.8.1/../../../../avr/lib/avr5\libc.a(iob.o)

Discarded input sections

 .data          0x00000000        0x0 c:/program files (x86)/atmel/atmel toolchain/avr8 gcc/native/3.4.1061/avr8-gnu-toolchain/bin/../lib/gcc/avr/4.8.1/../../../../avr/lib/avr5/crtm162.o
 .bss           0x00000000        0x0 c:/program files (x86)/atmel/atmel toolchain/avr8 gcc/native/3.4.1061/avr8-gnu-toolchain/bin/../lib/gcc/avr/4.8.1/../../../../avr/lib/avr5/crtm162.o
 .text          0x00000000        0x0 ADC/adc.o
 .data          0x00000000        0x0 ADC/adc.o
 .bss           0x00000000        0x0 ADC/adc.o
 .text.adc_read
                0x00000000       0x10 ADC/adc.o
 .text.adc_sliderPositionToPercent
                0x00000000       0x1e ADC/adc.o
 .text          0x00000000        0x0 BUTTONS/buttons.o
 .data          0x00000000        0x0 BUTTONS/buttons.o
 .bss           0x00000000        0x0 BUTTONS/buttons.o
 .text          0x00000000        0x0 CAN/can.o
 .data          0x00000000        0x0 CAN/can.o
 .bss           0x00000000        0x0 CAN/can.o
 .text.can_error
                0x00000000        0x6 CAN/can.o
 .text.can_transmit_complete
                0x00000000        0x6 CAN/can.o
 .text.can_print_message
                0x00000000       0x84 CAN/can.o
 .text.printRegtister
                0x00000000       0x48 CAN/can.o
 .text          0x00000000        0x0 GAME/game.o
 .data          0x00000000        0x0 GAME/game.o
 .bss           0x00000000        0x0 GAME/game.o
 .bss.irBeamEnabled
                0x00000000        0x2 GAME/game.o
 .text          0x00000000        0x0 main.o
 .data          0x00000000        0x0 main.o
 .bss           0x00000000        0x0 main.o
 .text          0x00000000        0x0 MCP/mcp.o
 .data          0x00000000        0x0 MCP/mcp.o
 .bss           0x00000000        0x0 MCP/mcp.o
 .text.mcp_readStatus
                0x00000000       0x1c MCP/mcp.o
 .text.mcp_printStatus
                0x00000000        0xc MCP/mcp.o
 .text.mcp_enable_interrupt
                0x00000000       0x20 MCP/mcp.o
 .text          0x00000000        0x0 OLED/DISPLAY/display.o
 .data          0x00000000        0x0 OLED/DISPLAY/display.o
 .bss           0x00000000        0x0 OLED/DISPLAY/display.o
 .text          0x00000000        0x0 OLED/FONTS/fonts.o
 .data          0x00000000        0x0 OLED/FONTS/fonts.o
 .bss           0x00000000        0x0 OLED/FONTS/fonts.o
 .progmem.data.font8
                0x00000000      0x2f8 OLED/FONTS/fonts.o
 .text          0x00000000        0x0 OLED/MENU/menu.o
 .data          0x00000000        0x0 OLED/MENU/menu.o
 .bss           0x00000000        0x0 OLED/MENU/menu.o
 .text          0x00000000        0x0 OLED/oled.o
 .data          0x00000000        0x0 OLED/oled.o
 .bss           0x00000000        0x0 OLED/oled.o
 .text.oled_write_c
                0x00000000        0x6 OLED/oled.o
 .text.oled_goto_start_column
                0x00000000       0x14 OLED/oled.o
 .text.oled_print_point
                0x00000000       0x58 OLED/oled.o
 .text          0x00000000        0x0 PARSER/parser.o
 .data          0x00000000        0x0 PARSER/parser.o
 .bss           0x00000000        0x0 PARSER/parser.o
 .text          0x00000000        0x0 SPI/spi.o
 .data          0x00000000        0x0 SPI/spi.o
 .bss           0x00000000        0x0 SPI/spi.o
 .text.spi_readInterrupt
                0x00000000       0x1c SPI/spi.o
 .text          0x00000000        0x0 USART/usart.o
 .data          0x00000000        0x0 USART/usart.o
 .bss           0x00000000        0x0 USART/usart.o
 .text.printf_hex
                0x00000000       0x48 USART/usart.o
 .text          0x00000000        0x0 c:/program files (x86)/atmel/atmel toolchain/avr8 gcc/native/3.4.1061/avr8-gnu-toolchain/bin/../lib/gcc/avr/4.8.1/avr5\libgcc.a(_divmodhi4.o)
 .data          0x00000000        0x0 c:/program files (x86)/atmel/atmel toolchain/avr8 gcc/native/3.4.1061/avr8-gnu-toolchain/bin/../lib/gcc/avr/4.8.1/avr5\libgcc.a(_divmodhi4.o)
 .bss           0x00000000        0x0 c:/program files (x86)/atmel/atmel toolchain/avr8 gcc/native/3.4.1061/avr8-gnu-toolchain/bin/../lib/gcc/avr/4.8.1/avr5\libgcc.a(_divmodhi4.o)
 .text.libgcc.mul
                0x00000000        0x0 c:/program files (x86)/atmel/atmel toolchain/avr8 gcc/native/3.4.1061/avr8-gnu-toolchain/bin/../lib/gcc/avr/4.8.1/avr5\libgcc.a(_divmodhi4.o)
 .text.libgcc   0x00000000        0x0 c:/program files (x86)/atmel/atmel toolchain/avr8 gcc/native/3.4.1061/avr8-gnu-toolchain/bin/../lib/gcc/avr/4.8.1/avr5\libgcc.a(_divmodhi4.o)
 .text.libgcc.prologue
                0x00000000        0x0 c:/program files (x86)/atmel/atmel toolchain/avr8 gcc/native/3.4.1061/avr8-gnu-toolchain/bin/../lib/gcc/avr/4.8.1/avr5\libgcc.a(_divmodhi4.o)
 .text.libgcc.builtins
                0x00000000        0x0 c:/program files (x86)/atmel/atmel toolchain/avr8 gcc/native/3.4.1061/avr8-gnu-toolchain/bin/../lib/gcc/avr/4.8.1/avr5\libgcc.a(_divmodhi4.o)
 .text.libgcc.fmul
                0x00000000        0x0 c:/program files (x86)/atmel/atmel toolchain/avr8 gcc/native/3.4.1061/avr8-gnu-toolchain/bin/../lib/gcc/avr/4.8.1/avr5\libgcc.a(_divmodhi4.o)
 .text.libgcc.fixed
                0x00000000        0x0 c:/program files (x86)/atmel/atmel toolchain/avr8 gcc/native/3.4.1061/avr8-gnu-toolchain/bin/../lib/gcc/avr/4.8.1/avr5\libgcc.a(_divmodhi4.o)
 .text          0x00000000        0x0 c:/program files (x86)/atmel/atmel toolchain/avr8 gcc/native/3.4.1061/avr8-gnu-toolchain/bin/../lib/gcc/avr/4.8.1/avr5\libgcc.a(_exit.o)
 .data          0x00000000        0x0 c:/program files (x86)/atmel/atmel toolchain/avr8 gcc/native/3.4.1061/avr8-gnu-toolchain/bin/../lib/gcc/avr/4.8.1/avr5\libgcc.a(_exit.o)
 .bss           0x00000000        0x0 c:/program files (x86)/atmel/atmel toolchain/avr8 gcc/native/3.4.1061/avr8-gnu-toolchain/bin/../lib/gcc/avr/4.8.1/avr5\libgcc.a(_exit.o)
 .text.libgcc.mul
                0x00000000        0x0 c:/program files (x86)/atmel/atmel toolchain/avr8 gcc/native/3.4.1061/avr8-gnu-toolchain/bin/../lib/gcc/avr/4.8.1/avr5\libgcc.a(_exit.o)
 .text.libgcc.div
                0x00000000        0x0 c:/program files (x86)/atmel/atmel toolchain/avr8 gcc/native/3.4.1061/avr8-gnu-toolchain/bin/../lib/gcc/avr/4.8.1/avr5\libgcc.a(_exit.o)
 .text.libgcc   0x00000000        0x0 c:/program files (x86)/atmel/atmel toolchain/avr8 gcc/native/3.4.1061/avr8-gnu-toolchain/bin/../lib/gcc/avr/4.8.1/avr5\libgcc.a(_exit.o)
 .text.libgcc.prologue
                0x00000000        0x0 c:/program files (x86)/atmel/atmel toolchain/avr8 gcc/native/3.4.1061/avr8-gnu-toolchain/bin/../lib/gcc/avr/4.8.1/avr5\libgcc.a(_exit.o)
 .text.libgcc.builtins
                0x00000000        0x0 c:/program files (x86)/atmel/atmel toolchain/avr8 gcc/native/3.4.1061/avr8-gnu-toolchain/bin/../lib/gcc/avr/4.8.1/avr5\libgcc.a(_exit.o)
 .text.libgcc.fmul
                0x00000000        0x0 c:/program files (x86)/atmel/atmel toolchain/avr8 gcc/native/3.4.1061/avr8-gnu-toolchain/bin/../lib/gcc/avr/4.8.1/avr5\libgcc.a(_exit.o)
 .text.libgcc.fixed
                0x00000000        0x0 c:/program files (x86)/atmel/atmel toolchain/avr8 gcc/native/3.4.1061/avr8-gnu-toolchain/bin/../lib/gcc/avr/4.8.1/avr5\libgcc.a(_exit.o)
 .text          0x00000000        0x0 c:/program files (x86)/atmel/atmel toolchain/avr8 gcc/native/3.4.1061/avr8-gnu-toolchain/bin/../lib/gcc/avr/4.8.1/avr5\libgcc.a(_copy_data.o)
 .data          0x00000000        0x0 c:/program files (x86)/atmel/atmel toolchain/avr8 gcc/native/3.4.1061/avr8-gnu-toolchain/bin/../lib/gcc/avr/4.8.1/avr5\libgcc.a(_copy_data.o)
 .bss           0x00000000        0x0 c:/program files (x86)/atmel/atmel toolchain/avr8 gcc/native/3.4.1061/avr8-gnu-toolchain/bin/../lib/gcc/avr/4.8.1/avr5\libgcc.a(_copy_data.o)
 .text.libgcc.mul
                0x00000000        0x0 c:/program files (x86)/atmel/atmel toolchain/avr8 gcc/native/3.4.1061/avr8-gnu-toolchain/bin/../lib/gcc/avr/4.8.1/avr5\libgcc.a(_copy_data.o)
 .text.libgcc.div
                0x00000000        0x0 c:/program files (x86)/atmel/atmel toolchain/avr8 gcc/native/3.4.1061/avr8-gnu-toolchain/bin/../lib/gcc/avr/4.8.1/avr5\libgcc.a(_copy_data.o)
 .text.libgcc   0x00000000        0x0 c:/program files (x86)/atmel/atmel toolchain/avr8 gcc/native/3.4.1061/avr8-gnu-toolchain/bin/../lib/gcc/avr/4.8.1/avr5\libgcc.a(_copy_data.o)
 .text.libgcc.prologue
                0x00000000        0x0 c:/program files (x86)/atmel/atmel toolchain/avr8 gcc/native/3.4.1061/avr8-gnu-toolchain/bin/../lib/gcc/avr/4.8.1/avr5\libgcc.a(_copy_data.o)
 .text.libgcc.builtins
                0x00000000        0x0 c:/program files (x86)/atmel/atmel toolchain/avr8 gcc/native/3.4.1061/avr8-gnu-toolchain/bin/../lib/gcc/avr/4.8.1/avr5\libgcc.a(_copy_data.o)
 .text.libgcc.fmul
                0x00000000        0x0 c:/program files (x86)/atmel/atmel toolchain/avr8 gcc/native/3.4.1061/avr8-gnu-toolchain/bin/../lib/gcc/avr/4.8.1/avr5\libgcc.a(_copy_data.o)
 .text.libgcc.fixed
                0x00000000        0x0 c:/program files (x86)/atmel/atmel toolchain/avr8 gcc/native/3.4.1061/avr8-gnu-toolchain/bin/../lib/gcc/avr/4.8.1/avr5\libgcc.a(_copy_data.o)
 .text          0x00000000        0x0 c:/program files (x86)/atmel/atmel toolchain/avr8 gcc/native/3.4.1061/avr8-gnu-toolchain/bin/../lib/gcc/avr/4.8.1/avr5\libgcc.a(_clear_bss.o)
 .data          0x00000000        0x0 c:/program files (x86)/atmel/atmel toolchain/avr8 gcc/native/3.4.1061/avr8-gnu-toolchain/bin/../lib/gcc/avr/4.8.1/avr5\libgcc.a(_clear_bss.o)
 .bss           0x00000000        0x0 c:/program files (x86)/atmel/atmel toolchain/avr8 gcc/native/3.4.1061/avr8-gnu-toolchain/bin/../lib/gcc/avr/4.8.1/avr5\libgcc.a(_clear_bss.o)
 .text.libgcc.mul
                0x00000000        0x0 c:/program files (x86)/atmel/atmel toolchain/avr8 gcc/native/3.4.1061/avr8-gnu-toolchain/bin/../lib/gcc/avr/4.8.1/avr5\libgcc.a(_clear_bss.o)
 .text.libgcc.div
                0x00000000        0x0 c:/program files (x86)/atmel/atmel toolchain/avr8 gcc/native/3.4.1061/avr8-gnu-toolchain/bin/../lib/gcc/avr/4.8.1/avr5\libgcc.a(_clear_bss.o)
 .text.libgcc   0x00000000        0x0 c:/program files (x86)/atmel/atmel toolchain/avr8 gcc/native/3.4.1061/avr8-gnu-toolchain/bin/../lib/gcc/avr/4.8.1/avr5\libgcc.a(_clear_bss.o)
 .text.libgcc.prologue
                0x00000000        0x0 c:/program files (x86)/atmel/atmel toolchain/avr8 gcc/native/3.4.1061/avr8-gnu-toolchain/bin/../lib/gcc/avr/4.8.1/avr5\libgcc.a(_clear_bss.o)
 .text.libgcc.builtins
                0x00000000        0x0 c:/program files (x86)/atmel/atmel toolchain/avr8 gcc/native/3.4.1061/avr8-gnu-toolchain/bin/../lib/gcc/avr/4.8.1/avr5\libgcc.a(_clear_bss.o)
 .text.libgcc.fmul
                0x00000000        0x0 c:/program files (x86)/atmel/atmel toolchain/avr8 gcc/native/3.4.1061/avr8-gnu-toolchain/bin/../lib/gcc/avr/4.8.1/avr5\libgcc.a(_clear_bss.o)
 .text.libgcc.fixed
                0x00000000        0x0 c:/program files (x86)/atmel/atmel toolchain/avr8 gcc/native/3.4.1061/avr8-gnu-toolchain/bin/../lib/gcc/avr/4.8.1/avr5\libgcc.a(_clear_bss.o)
 .text          0x00000000        0x0 c:/program files (x86)/atmel/atmel toolchain/avr8 gcc/native/3.4.1061/avr8-gnu-toolchain/bin/../lib/gcc/avr/4.8.1/avr5\libgcc.a(_udivmodhi4.o)
 .data          0x00000000        0x0 c:/program files (x86)/atmel/atmel toolchain/avr8 gcc/native/3.4.1061/avr8-gnu-toolchain/bin/../lib/gcc/avr/4.8.1/avr5\libgcc.a(_udivmodhi4.o)
 .bss           0x00000000        0x0 c:/program files (x86)/atmel/atmel toolchain/avr8 gcc/native/3.4.1061/avr8-gnu-toolchain/bin/../lib/gcc/avr/4.8.1/avr5\libgcc.a(_udivmodhi4.o)
 .text.libgcc.mul
                0x00000000        0x0 c:/program files (x86)/atmel/atmel toolchain/avr8 gcc/native/3.4.1061/avr8-gnu-toolchain/bin/../lib/gcc/avr/4.8.1/avr5\libgcc.a(_udivmodhi4.o)
 .text.libgcc   0x00000000        0x0 c:/program files (x86)/atmel/atmel toolchain/avr8 gcc/native/3.4.1061/avr8-gnu-toolchain/bin/../lib/gcc/avr/4.8.1/avr5\libgcc.a(_udivmodhi4.o)
 .text.libgcc.prologue
                0x00000000        0x0 c:/program files (x86)/atmel/atmel toolchain/avr8 gcc/native/3.4.1061/avr8-gnu-toolchain/bin/../lib/gcc/avr/4.8.1/avr5\libgcc.a(_udivmodhi4.o)
 .text.libgcc.builtins
                0x00000000        0x0 c:/program files (x86)/atmel/atmel toolchain/avr8 gcc/native/3.4.1061/avr8-gnu-toolchain/bin/../lib/gcc/avr/4.8.1/avr5\libgcc.a(_udivmodhi4.o)
 .text.libgcc.fmul
                0x00000000        0x0 c:/program files (x86)/atmel/atmel toolchain/avr8 gcc/native/3.4.1061/avr8-gnu-toolchain/bin/../lib/gcc/avr/4.8.1/avr5\libgcc.a(_udivmodhi4.o)
 .text.libgcc.fixed
                0x00000000        0x0 c:/program files (x86)/atmel/atmel toolchain/avr8 gcc/native/3.4.1061/avr8-gnu-toolchain/bin/../lib/gcc/avr/4.8.1/avr5\libgcc.a(_udivmodhi4.o)
 .text          0x00000000        0x0 c:/program files (x86)/atmel/atmel toolchain/avr8 gcc/native/3.4.1061/avr8-gnu-toolchain/bin/../lib/gcc/avr/4.8.1/../../../../avr/lib/avr5\libc.a(fdevopen.o)
 .data          0x00000000        0x0 c:/program files (x86)/atmel/atmel toolchain/avr8 gcc/native/3.4.1061/avr8-gnu-toolchain/bin/../lib/gcc/avr/4.8.1/../../../../avr/lib/avr5\libc.a(fdevopen.o)
 .bss           0x00000000        0x0 c:/program files (x86)/atmel/atmel toolchain/avr8 gcc/native/3.4.1061/avr8-gnu-toolchain/bin/../lib/gcc/avr/4.8.1/../../../../avr/lib/avr5\libc.a(fdevopen.o)
 .text          0x00000000        0x0 c:/program files (x86)/atmel/atmel toolchain/avr8 gcc/native/3.4.1061/avr8-gnu-toolchain/bin/../lib/gcc/avr/4.8.1/../../../../avr/lib/avr5\libc.a(iob.o)
 .data          0x00000000        0x0 c:/program files (x86)/atmel/atmel toolchain/avr8 gcc/native/3.4.1061/avr8-gnu-toolchain/bin/../lib/gcc/avr/4.8.1/../../../../avr/lib/avr5\libc.a(iob.o)
 .bss           0x00000000        0x0 c:/program files (x86)/atmel/atmel toolchain/avr8 gcc/native/3.4.1061/avr8-gnu-toolchain/bin/../lib/gcc/avr/4.8.1/../../../../avr/lib/avr5\libc.a(iob.o)
 .text          0x00000000        0x0 c:/program files (x86)/atmel/atmel toolchain/avr8 gcc/native/3.4.1061/avr8-gnu-toolchain/bin/../lib/gcc/avr/4.8.1/../../../../avr/lib/avr5\libc.a(printf.o)
 .data          0x00000000        0x0 c:/program files (x86)/atmel/atmel toolchain/avr8 gcc/native/3.4.1061/avr8-gnu-toolchain/bin/../lib/gcc/avr/4.8.1/../../../../avr/lib/avr5\libc.a(printf.o)
 .bss           0x00000000        0x0 c:/program files (x86)/atmel/atmel toolchain/avr8 gcc/native/3.4.1061/avr8-gnu-toolchain/bin/../lib/gcc/avr/4.8.1/../../../../avr/lib/avr5\libc.a(printf.o)
 .text          0x00000000        0x0 c:/program files (x86)/atmel/atmel toolchain/avr8 gcc/native/3.4.1061/avr8-gnu-toolchain/bin/../lib/gcc/avr/4.8.1/../../../../avr/lib/avr5\libc.a(putchar.o)
 .data          0x00000000        0x0 c:/program files (x86)/atmel/atmel toolchain/avr8 gcc/native/3.4.1061/avr8-gnu-toolchain/bin/../lib/gcc/avr/4.8.1/../../../../avr/lib/avr5\libc.a(putchar.o)
 .bss           0x00000000        0x0 c:/program files (x86)/atmel/atmel toolchain/avr8 gcc/native/3.4.1061/avr8-gnu-toolchain/bin/../lib/gcc/avr/4.8.1/../../../../avr/lib/avr5\libc.a(putchar.o)
 .text          0x00000000        0x0 c:/program files (x86)/atmel/atmel toolchain/avr8 gcc/native/3.4.1061/avr8-gnu-toolchain/bin/../lib/gcc/avr/4.8.1/../../../../avr/lib/avr5\libc.a(vfprintf_std.o)
 .data          0x00000000        0x0 c:/program files (x86)/atmel/atmel toolchain/avr8 gcc/native/3.4.1061/avr8-gnu-toolchain/bin/../lib/gcc/avr/4.8.1/../../../../avr/lib/avr5\libc.a(vfprintf_std.o)
 .bss           0x00000000        0x0 c:/program files (x86)/atmel/atmel toolchain/avr8 gcc/native/3.4.1061/avr8-gnu-toolchain/bin/../lib/gcc/avr/4.8.1/../../../../avr/lib/avr5\libc.a(vfprintf_std.o)
 .text          0x00000000        0x0 c:/program files (x86)/atmel/atmel toolchain/avr8 gcc/native/3.4.1061/avr8-gnu-toolchain/bin/../lib/gcc/avr/4.8.1/../../../../avr/lib/avr5\libc.a(calloc.o)
 .data          0x00000000        0x0 c:/program files (x86)/atmel/atmel toolchain/avr8 gcc/native/3.4.1061/avr8-gnu-toolchain/bin/../lib/gcc/avr/4.8.1/../../../../avr/lib/avr5\libc.a(calloc.o)
 .bss           0x00000000        0x0 c:/program files (x86)/atmel/atmel toolchain/avr8 gcc/native/3.4.1061/avr8-gnu-toolchain/bin/../lib/gcc/avr/4.8.1/../../../../avr/lib/avr5\libc.a(calloc.o)
 .text          0x00000000        0x0 c:/program files (x86)/atmel/atmel toolchain/avr8 gcc/native/3.4.1061/avr8-gnu-toolchain/bin/../lib/gcc/avr/4.8.1/../../../../avr/lib/avr5\libc.a(malloc.o)
 .bss           0x00000000        0x0 c:/program files (x86)/atmel/atmel toolchain/avr8 gcc/native/3.4.1061/avr8-gnu-toolchain/bin/../lib/gcc/avr/4.8.1/../../../../avr/lib/avr5\libc.a(malloc.o)
 .text          0x00000000        0x0 c:/program files (x86)/atmel/atmel toolchain/avr8 gcc/native/3.4.1061/avr8-gnu-toolchain/bin/../lib/gcc/avr/4.8.1/../../../../avr/lib/avr5\libc.a(strnlen_P.o)
 .data          0x00000000        0x0 c:/program files (x86)/atmel/atmel toolchain/avr8 gcc/native/3.4.1061/avr8-gnu-toolchain/bin/../lib/gcc/avr/4.8.1/../../../../avr/lib/avr5\libc.a(strnlen_P.o)
 .bss           0x00000000        0x0 c:/program files (x86)/atmel/atmel toolchain/avr8 gcc/native/3.4.1061/avr8-gnu-toolchain/bin/../lib/gcc/avr/4.8.1/../../../../avr/lib/avr5\libc.a(strnlen_P.o)
 .text          0x00000000        0x0 c:/program files (x86)/atmel/atmel toolchain/avr8 gcc/native/3.4.1061/avr8-gnu-toolchain/bin/../lib/gcc/avr/4.8.1/../../../../avr/lib/avr5\libc.a(memset.o)
 .data          0x00000000        0x0 c:/program files (x86)/atmel/atmel toolchain/avr8 gcc/native/3.4.1061/avr8-gnu-toolchain/bin/../lib/gcc/avr/4.8.1/../../../../avr/lib/avr5\libc.a(memset.o)
 .bss           0x00000000        0x0 c:/program files (x86)/atmel/atmel toolchain/avr8 gcc/native/3.4.1061/avr8-gnu-toolchain/bin/../lib/gcc/avr/4.8.1/../../../../avr/lib/avr5\libc.a(memset.o)
 .text          0x00000000        0x0 c:/program files (x86)/atmel/atmel toolchain/avr8 gcc/native/3.4.1061/avr8-gnu-toolchain/bin/../lib/gcc/avr/4.8.1/../../../../avr/lib/avr5\libc.a(strnlen.o)
 .data          0x00000000        0x0 c:/program files (x86)/atmel/atmel toolchain/avr8 gcc/native/3.4.1061/avr8-gnu-toolchain/bin/../lib/gcc/avr/4.8.1/../../../../avr/lib/avr5\libc.a(strnlen.o)
 .bss           0x00000000        0x0 c:/program files (x86)/atmel/atmel toolchain/avr8 gcc/native/3.4.1061/avr8-gnu-toolchain/bin/../lib/gcc/avr/4.8.1/../../../../avr/lib/avr5\libc.a(strnlen.o)
 .text          0x00000000        0x0 c:/program files (x86)/atmel/atmel toolchain/avr8 gcc/native/3.4.1061/avr8-gnu-toolchain/bin/../lib/gcc/avr/4.8.1/../../../../avr/lib/avr5\libc.a(fputc.o)
 .data          0x00000000        0x0 c:/program files (x86)/atmel/atmel toolchain/avr8 gcc/native/3.4.1061/avr8-gnu-toolchain/bin/../lib/gcc/avr/4.8.1/../../../../avr/lib/avr5\libc.a(fputc.o)
 .bss           0x00000000        0x0 c:/program files (x86)/atmel/atmel toolchain/avr8 gcc/native/3.4.1061/avr8-gnu-toolchain/bin/../lib/gcc/avr/4.8.1/../../../../avr/lib/avr5\libc.a(fputc.o)
 .text          0x00000000        0x0 c:/program files (x86)/atmel/atmel toolchain/avr8 gcc/native/3.4.1061/avr8-gnu-toolchain/bin/../lib/gcc/avr/4.8.1/../../../../avr/lib/avr5\libc.a(ultoa_invert.o)
 .data          0x00000000        0x0 c:/program files (x86)/atmel/atmel toolchain/avr8 gcc/native/3.4.1061/avr8-gnu-toolchain/bin/../lib/gcc/avr/4.8.1/../../../../avr/lib/avr5\libc.a(ultoa_invert.o)
 .bss           0x00000000        0x0 c:/program files (x86)/atmel/atmel toolchain/avr8 gcc/native/3.4.1061/avr8-gnu-toolchain/bin/../lib/gcc/avr/4.8.1/../../../../avr/lib/avr5\libc.a(ultoa_invert.o)
 .text          0x00000000        0x0 c:/program files (x86)/atmel/atmel toolchain/avr8 gcc/native/3.4.1061/avr8-gnu-toolchain/bin/../lib/gcc/avr/4.8.1/avr5\libgcc.a(_prologue.o)
 .data          0x00000000        0x0 c:/program files (x86)/atmel/atmel toolchain/avr8 gcc/native/3.4.1061/avr8-gnu-toolchain/bin/../lib/gcc/avr/4.8.1/avr5\libgcc.a(_prologue.o)
 .bss           0x00000000        0x0 c:/program files (x86)/atmel/atmel toolchain/avr8 gcc/native/3.4.1061/avr8-gnu-toolchain/bin/../lib/gcc/avr/4.8.1/avr5\libgcc.a(_prologue.o)
 .text.libgcc.mul
                0x00000000        0x0 c:/program files (x86)/atmel/atmel toolchain/avr8 gcc/native/3.4.1061/avr8-gnu-toolchain/bin/../lib/gcc/avr/4.8.1/avr5\libgcc.a(_prologue.o)
 .text.libgcc.div
                0x00000000        0x0 c:/program files (x86)/atmel/atmel toolchain/avr8 gcc/native/3.4.1061/avr8-gnu-toolchain/bin/../lib/gcc/avr/4.8.1/avr5\libgcc.a(_prologue.o)
 .text.libgcc   0x00000000        0x0 c:/program files (x86)/atmel/atmel toolchain/avr8 gcc/native/3.4.1061/avr8-gnu-toolchain/bin/../lib/gcc/avr/4.8.1/avr5\libgcc.a(_prologue.o)
 .text.libgcc.builtins
                0x00000000        0x0 c:/program files (x86)/atmel/atmel toolchain/avr8 gcc/native/3.4.1061/avr8-gnu-toolchain/bin/../lib/gcc/avr/4.8.1/avr5\libgcc.a(_prologue.o)
 .text.libgcc.fmul
                0x00000000        0x0 c:/program files (x86)/atmel/atmel toolchain/avr8 gcc/native/3.4.1061/avr8-gnu-toolchain/bin/../lib/gcc/avr/4.8.1/avr5\libgcc.a(_prologue.o)
 .text.libgcc.fixed
                0x00000000        0x0 c:/program files (x86)/atmel/atmel toolchain/avr8 gcc/native/3.4.1061/avr8-gnu-toolchain/bin/../lib/gcc/avr/4.8.1/avr5\libgcc.a(_prologue.o)
 .text          0x00000000        0x0 c:/program files (x86)/atmel/atmel toolchain/avr8 gcc/native/3.4.1061/avr8-gnu-toolchain/bin/../lib/gcc/avr/4.8.1/avr5\libgcc.a(_epilogue.o)
 .data          0x00000000        0x0 c:/program files (x86)/atmel/atmel toolchain/avr8 gcc/native/3.4.1061/avr8-gnu-toolchain/bin/../lib/gcc/avr/4.8.1/avr5\libgcc.a(_epilogue.o)
 .bss           0x00000000        0x0 c:/program files (x86)/atmel/atmel toolchain/avr8 gcc/native/3.4.1061/avr8-gnu-toolchain/bin/../lib/gcc/avr/4.8.1/avr5\libgcc.a(_epilogue.o)
 .text.libgcc.mul
                0x00000000        0x0 c:/program files (x86)/atmel/atmel toolchain/avr8 gcc/native/3.4.1061/avr8-gnu-toolchain/bin/../lib/gcc/avr/4.8.1/avr5\libgcc.a(_epilogue.o)
 .text.libgcc.div
                0x00000000        0x0 c:/program files (x86)/atmel/atmel toolchain/avr8 gcc/native/3.4.1061/avr8-gnu-toolchain/bin/../lib/gcc/avr/4.8.1/avr5\libgcc.a(_epilogue.o)
 .text.libgcc   0x00000000        0x0 c:/program files (x86)/atmel/atmel toolchain/avr8 gcc/native/3.4.1061/avr8-gnu-toolchain/bin/../lib/gcc/avr/4.8.1/avr5\libgcc.a(_epilogue.o)
 .text.libgcc.builtins
                0x00000000        0x0 c:/program files (x86)/atmel/atmel toolchain/avr8 gcc/native/3.4.1061/avr8-gnu-toolchain/bin/../lib/gcc/avr/4.8.1/avr5\libgcc.a(_epilogue.o)
 .text.libgcc.fmul
                0x00000000        0x0 c:/program files (x86)/atmel/atmel toolchain/avr8 gcc/native/3.4.1061/avr8-gnu-toolchain/bin/../lib/gcc/avr/4.8.1/avr5\libgcc.a(_epilogue.o)
 .text.libgcc.fixed
                0x00000000        0x0 c:/program files (x86)/atmel/atmel toolchain/avr8 gcc/native/3.4.1061/avr8-gnu-toolchain/bin/../lib/gcc/avr/4.8.1/avr5\libgcc.a(_epilogue.o)

Memory Configuration

Name             Origin             Length             Attributes
text             0x00000000         0x00020000         xr
data             0x00800060         0x0000ffa0         rw !x
eeprom           0x00810000         0x00010000         rw !x
fuse             0x00820000         0x00000400         rw !x
lock             0x00830000         0x00000400         rw !x
signature        0x00840000         0x00000400         rw !x
user_signatures  0x00850000         0x00000400         rw !x
*default*        0x00000000         0xffffffff

Linker script and memory map

Address of section .data set to 0x800100
LOAD c:/program files (x86)/atmel/atmel toolchain/avr8 gcc/native/3.4.1061/avr8-gnu-toolchain/bin/../lib/gcc/avr/4.8.1/../../../../avr/lib/avr5/crtm162.o
LOAD ADC/adc.o
LOAD BUTTONS/buttons.o
LOAD CAN/can.o
LOAD GAME/game.o
LOAD main.o
LOAD MCP/mcp.o
LOAD OLED/DISPLAY/display.o
LOAD OLED/FONTS/fonts.o
LOAD OLED/MENU/menu.o
LOAD OLED/oled.o
LOAD PARSER/parser.o
LOAD SPI/spi.o
LOAD USART/usart.o
START GROUP
LOAD c:/program files (x86)/atmel/atmel toolchain/avr8 gcc/native/3.4.1061/avr8-gnu-toolchain/bin/../lib/gcc/avr/4.8.1/../../../../avr/lib/avr5\libm.a
END GROUP
START GROUP
LOAD c:/program files (x86)/atmel/atmel toolchain/avr8 gcc/native/3.4.1061/avr8-gnu-toolchain/bin/../lib/gcc/avr/4.8.1/avr5\libgcc.a
LOAD c:/program files (x86)/atmel/atmel toolchain/avr8 gcc/native/3.4.1061/avr8-gnu-toolchain/bin/../lib/gcc/avr/4.8.1/../../../../avr/lib/avr5\libm.a
LOAD c:/program files (x86)/atmel/atmel toolchain/avr8 gcc/native/3.4.1061/avr8-gnu-toolchain/bin/../lib/gcc/avr/4.8.1/../../../../avr/lib/avr5\libc.a
END GROUP

.hash
 *(.hash)

.dynsym
 *(.dynsym)

.dynstr
 *(.dynstr)

.gnu.version
 *(.gnu.version)

.gnu.version_d
 *(.gnu.version_d)

.gnu.version_r
 *(.gnu.version_r)

.rel.init
 *(.rel.init)

.rela.init
 *(.rela.init)

.rel.text
 *(.rel.text)
 *(.rel.text.*)
 *(.rel.gnu.linkonce.t*)

.rela.text
 *(.rela.text)
 *(.rela.text.*)
 *(.rela.gnu.linkonce.t*)

.rel.fini
 *(.rel.fini)

.rela.fini
 *(.rela.fini)

.rel.rodata
 *(.rel.rodata)
 *(.rel.rodata.*)
 *(.rel.gnu.linkonce.r*)

.rela.rodata
 *(.rela.rodata)
 *(.rela.rodata.*)
 *(.rela.gnu.linkonce.r*)

.rel.data
 *(.rel.data)
 *(.rel.data.*)
 *(.rel.gnu.linkonce.d*)

.rela.data
 *(.rela.data)
 *(.rela.data.*)
 *(.rela.gnu.linkonce.d*)

.rel.ctors
 *(.rel.ctors)

.rela.ctors
 *(.rela.ctors)

.rel.dtors
 *(.rel.dtors)

.rela.dtors
 *(.rela.dtors)

.rel.got
 *(.rel.got)

.rela.got
 *(.rela.got)

.rel.bss
 *(.rel.bss)

.rela.bss
 *(.rela.bss)

.rel.plt
 *(.rel.plt)

.rela.plt
 *(.rela.plt)

.text           0x00000000     0x225e
 *(.vectors)
 .vectors       0x00000000       0x70 c:/program files (x86)/atmel/atmel toolchain/avr8 gcc/native/3.4.1061/avr8-gnu-toolchain/bin/../lib/gcc/avr/4.8.1/../../../../avr/lib/avr5/crtm162.o
                0x00000000                __vector_default
                0x00000000                __vectors
 *(.vectors)
 *(.progmem.gcc*)
                0x00000070                . = ALIGN (0x2)
                0x00000070                __trampolines_start = .
 *(.trampolines)
 .trampolines   0x00000070        0x0 linker stubs
 *(.trampolines*)
                0x00000070                __trampolines_end = .
 *(.progmem*)
 .progmem.data.font5
                0x00000070      0x1db OLED/FONTS/fonts.o
                0x00000070                font5
                0x0000024c                . = ALIGN (0x2)
 *fill*         0x0000024b        0x1 
 *(.jumptables)
 *(.jumptables*)
 *(.lowtext)
 *(.lowtext*)
                0x0000024c                __ctors_start = .
 *(.ctors)
                0x0000024c                __ctors_end = .
                0x0000024c                __dtors_start = .
 *(.dtors)
                0x0000024c                __dtors_end = .
 SORT(*)(.ctors)
 SORT(*)(.dtors)
 *(.init0)
 .init0         0x0000024c        0x0 c:/program files (x86)/atmel/atmel toolchain/avr8 gcc/native/3.4.1061/avr8-gnu-toolchain/bin/../lib/gcc/avr/4.8.1/../../../../avr/lib/avr5/crtm162.o
                0x0000024c                __init
 *(.init0)
 *(.init1)
 *(.init1)
 *(.init2)
 .init2         0x0000024c        0xc c:/program files (x86)/atmel/atmel toolchain/avr8 gcc/native/3.4.1061/avr8-gnu-toolchain/bin/../lib/gcc/avr/4.8.1/../../../../avr/lib/avr5/crtm162.o
 *(.init2)
 *(.init3)
 *(.init3)
 *(.init4)
 .init4         0x00000258       0x16 c:/program files (x86)/atmel/atmel toolchain/avr8 gcc/native/3.4.1061/avr8-gnu-toolchain/bin/../lib/gcc/avr/4.8.1/avr5\libgcc.a(_copy_data.o)
                0x00000258                __do_copy_data
 .init4         0x0000026e       0x10 c:/program files (x86)/atmel/atmel toolchain/avr8 gcc/native/3.4.1061/avr8-gnu-toolchain/bin/../lib/gcc/avr/4.8.1/avr5\libgcc.a(_clear_bss.o)
                0x0000026e                __do_clear_bss
 *(.init4)
 *(.init5)
 *(.init5)
 *(.init6)
 *(.init6)
 *(.init7)
 *(.init7)
 *(.init8)
 *(.init8)
 *(.init9)
 .init9         0x0000027e        0x8 c:/program files (x86)/atmel/atmel toolchain/avr8 gcc/native/3.4.1061/avr8-gnu-toolchain/bin/../lib/gcc/avr/4.8.1/../../../../avr/lib/avr5/crtm162.o
 *(.init9)
 *(.text)
 .text          0x00000286        0x4 c:/program files (x86)/atmel/atmel toolchain/avr8 gcc/native/3.4.1061/avr8-gnu-toolchain/bin/../lib/gcc/avr/4.8.1/../../../../avr/lib/avr5/crtm162.o
                0x00000286                __vector_22
                0x00000286                __vector_1
                0x00000286                __vector_24
                0x00000286                __vector_12
                0x00000286                __bad_interrupt
                0x00000286                __vector_6
                0x00000286                __vector_3
                0x00000286                __vector_23
                0x00000286                __vector_25
                0x00000286                __vector_11
                0x00000286                __vector_13
                0x00000286                __vector_17
                0x00000286                __vector_19
                0x00000286                __vector_7
                0x00000286                __vector_27
                0x00000286                __vector_5
                0x00000286                __vector_4
                0x00000286                __vector_9
                0x00000286                __vector_2
                0x00000286                __vector_21
                0x00000286                __vector_15
                0x00000286                __vector_8
                0x00000286                __vector_26
                0x00000286                __vector_14
                0x00000286                __vector_10
                0x00000286                __vector_16
                0x00000286                __vector_18
                0x00000286                __vector_20
                0x0000028a                . = ALIGN (0x2)
 *(.text.*)
 .text.adc_calibrateJoystick
                0x0000028a       0x46 ADC/adc.o
                0x0000028a                adc_calibrateJoystick
 .text.adc_joyStickPositionToPercent
                0x000002d0       0x4c ADC/adc.o
                0x000002d0                adc_joyStickPositionToPercent
 .text.adc_getJoystickPosition
                0x0000031c       0x50 ADC/adc.o
                0x0000031c                adc_getJoystickPosition
 .text.adc_getLeftSliderPosition
                0x0000036c       0x2e ADC/adc.o
                0x0000036c                adc_getLeftSliderPosition
 .text.adc_getRightSliderPosition
                0x0000039a       0x2e ADC/adc.o
                0x0000039a                adc_getRightSliderPosition
 .text.adc_getJoystickDirection
                0x000003c8       0x5a ADC/adc.o
                0x000003c8                adc_getJoystickDirection
 .text.buttons_init
                0x00000422        0x8 BUTTONS/buttons.o
                0x00000422                buttons_init
 .text.buttons_isJoystickButtonPressed
                0x0000042a       0x10 BUTTONS/buttons.o
                0x0000042a                buttons_isJoystickButtonPressed
 .text.buttons_isLeftButtonPressed
                0x0000043a        0x8 BUTTONS/buttons.o
                0x0000043a                buttons_isLeftButtonPressed
 .text.buttons_isRightButtonPressed
                0x00000442        0xa BUTTONS/buttons.o
                0x00000442                buttons_isRightButtonPressed
 .text.can_setMode
                0x0000044c        0xc CAN/can.o
                0x0000044c                can_setMode
 .text.can_init
                0x00000458       0x40 CAN/can.o
                0x00000458                can_init
 .text.can_create_massage
                0x00000498       0x98 CAN/can.o
                0x00000498                can_create_massage
 .text.can_message_to_buffer
                0x00000530       0xf0 CAN/can.o
                0x00000530                can_message_to_buffer
 .text.can_findFreeTransmitBuffer
                0x00000620       0x62 CAN/can.o
                0x00000620                can_findFreeTransmitBuffer
 .text.can_send_message
                0x00000682       0x5c CAN/can.o
                0x00000682                can_send_message
 .text.parseId  0x000006de       0x1a CAN/can.o
                0x000006de                parseId
 .text.can_recieve_message
                0x000006f8       0xe2 CAN/can.o
                0x000006f8                can_recieve_message
 .text.can_findReceiveBuffer
                0x000007da       0x36 CAN/can.o
                0x000007da                can_findReceiveBuffer
 .text.can_handleRecievedMessages
                0x00000810       0x40 CAN/can.o
                0x00000810                can_handleRecievedMessages
 .text.game_sendJoystickPosition
                0x00000850       0x86 GAME/game.o
                0x00000850                game_sendJoystickPosition
 .text.game_handleRightButton
                0x000008d6       0x6e GAME/game.o
                0x000008d6                game_handleRightButton
 .text.game_sendRightSliderPosition
                0x00000944       0x7a GAME/game.o
                0x00000944                game_sendRightSliderPosition
 .text.game_init
                0x000009be       0x76 GAME/game.o
                0x000009be                game_init
 .text.game_quit
                0x00000a34       0xd8 GAME/game.o
                0x00000a34                game_quit
 .text.game_handleMishaps
                0x00000b0c       0x2c GAME/game.o
                0x00000b0c                game_handleMishaps
 .text.game_startGame
                0x00000b38       0x4a GAME/game.o
                0x00000b38                game_startGame
 .text.game_incrementScore
                0x00000b82       0x14 GAME/game.o
                0x00000b82                game_incrementScore
 .text.game_getHighScores
                0x00000b96       0x10 GAME/game.o
                0x00000b96                game_getHighScores
 .text.XMEM_Init
                0x00000ba6        0xe main.o
                0x00000ba6                XMEM_Init
 .text.init     0x00000bb4       0x38 main.o
                0x00000bb4                init
 .text.main     0x00000bec       0x1e main.o
                0x00000bec                main
 .text.mcp_reset
                0x00000c0a       0x10 MCP/mcp.o
                0x00000c0a                mcp_reset
 .text.mcp_init
                0x00000c1a        0x6 MCP/mcp.o
                0x00000c1a                mcp_init
 .text.mcp_read
                0x00000c20       0x4c MCP/mcp.o
                0x00000c20                mcp_read
 .text.mcp_write
                0x00000c6c       0x4c MCP/mcp.o
                0x00000c6c                mcp_write
 .text.mcp_requestToSend
                0x00000cb8       0x3e MCP/mcp.o
                0x00000cb8                mcp_requestToSend
 .text.mcp_bitModify
                0x00000cf6       0x34 MCP/mcp.o
                0x00000cf6                mcp_bitModify
 .text.display_gameStart
                0x00000d2a       0x88 OLED/DISPLAY/display.o
                0x00000d2a                display_gameStart
 .text.display_showBackHint
                0x00000db2       0x1a OLED/DISPLAY/display.o
                0x00000db2                display_showBackHint
 .text.display_updateGame
                0x00000dcc       0x5e OLED/DISPLAY/display.o
                0x00000dcc                display_updateGame
 .text.display_showResults
                0x00000e2a      0x11c OLED/DISPLAY/display.o
                0x00000e2a                display_showResults
 .text.display_printCredits
                0x00000f46       0x92 OLED/DISPLAY/display.o
                0x00000f46                display_printCredits
 .text.display_printScores
                0x00000fd8       0x8e OLED/DISPLAY/display.o
                0x00000fd8                display_printScores
 .text.display_printOptions
                0x00001066       0x52 OLED/DISPLAY/display.o
                0x00001066                display_printOptions
 .text.display_updateSlider
                0x000010b8       0x60 OLED/DISPLAY/display.o
                0x000010b8                display_updateSlider
 .text.display_quit
                0x00001118       0x38 OLED/DISPLAY/display.o
                0x00001118                display_quit
 .text.oled_printZigZag
                0x00001150       0x9c OLED/DISPLAY/display.o
                0x00001150                oled_printZigZag
 .text.display_startAnimation
                0x000011ec      0x150 OLED/DISPLAY/display.o
                0x000011ec                display_startAnimation
 .text.fonts_getStrip
                0x0000133c       0x20 OLED/FONTS/fonts.o
                0x0000133c                fonts_getStrip
 .text.menu_scores
                0x0000135c       0x16 OLED/MENU/menu.o
                0x0000135c                menu_scores
 .text.menu_options
                0x00001372       0xba OLED/MENU/menu.o
                0x00001372                menu_options
 .text.menu_credits
                0x0000142c       0x16 OLED/MENU/menu.o
                0x0000142c                menu_credits
 .text.menu_quit
                0x00001442        0x6 OLED/MENU/menu.o
                0x00001442                menu_quit
 .text.menu_getNewPointerPosition
                0x00001448       0x5c OLED/MENU/menu.o
                0x00001448                menu_getNewPointerPosition
 .text.menu_printMenu
                0x000014a4       0xe8 OLED/MENU/menu.o
                0x000014a4                menu_printMenu
 .text.menu_menuHandler
                0x0000158c       0x96 OLED/MENU/menu.o
                0x0000158c                menu_menuHandler
 .text.menu_mainMenu
                0x00001622       0x68 OLED/MENU/menu.o
                0x00001622                menu_mainMenu
 .text.oled_init
                0x0000168a       0x5c OLED/oled.o
                0x0000168a                oled_init
 .text.oled_goto_line
                0x000016e6       0x2a OLED/oled.o
                0x000016e6                oled_goto_line
 .text.oled_goto_column
                0x00001710       0x32 OLED/oled.o
                0x00001710                oled_goto_column
 .text.oled_clear_line
                0x00001742       0x16 OLED/oled.o
                0x00001742                oled_clear_line
 .text.oled_goto_pos
                0x00001758       0x14 OLED/oled.o
                0x00001758                oled_goto_pos
 .text.oled_reset
                0x0000176c       0x1c OLED/oled.o
                0x0000176c                oled_reset
 .text.oled_print_strip
                0x00001788        0x6 OLED/oled.o
                0x00001788                oled_print_strip
 .text.oled_printchar
                0x0000178e       0x50 OLED/oled.o
                0x0000178e                oled_printchar
 .text.oled_putchar
                0x000017de       0x98 OLED/oled.o
                0x000017de                oled_putchar
 .text.oled_set_printmode
                0x00001876        0x6 OLED/oled.o
                0x00001876                oled_set_printmode
 .text.parser_handleRecievedMessages
                0x0000187c       0x2e PARSER/parser.o
                0x0000187c                parser_handleRecievedMessages
 .text.spi_init
                0x000018aa        0xa SPI/spi.o
                0x000018aa                spi_init
 .text.spi_startTransmision
                0x000018b4        0x4 SPI/spi.o
                0x000018b4                spi_startTransmision
 .text.spi_endTransmision
                0x000018b8        0x4 SPI/spi.o
                0x000018b8                spi_endTransmision
 .text.spi_transmitByte
                0x000018bc        0x8 SPI/spi.o
                0x000018bc                spi_transmitByte
 .text.spi_readByte
                0x000018c4        0xa SPI/spi.o
                0x000018c4                spi_readByte
 .text.usart_init
                0x000018ce        0xa USART/usart.o
                0x000018ce                usart_init
 .text.usart_getchar
                0x000018d8        0xa USART/usart.o
                0x000018d8                usart_getchar
 .text.usart_putchar
                0x000018e2        0xa USART/usart.o
                0x000018e2                usart_putchar
 .text.printf_char
                0x000018ec       0x1e USART/usart.o
                0x000018ec                printf_char
 .text.printf_int
                0x0000190a       0x42 USART/usart.o
                0x0000190a                printf_int
 .text.libgcc.div
                0x0000194c       0x28 c:/program files (x86)/atmel/atmel toolchain/avr8 gcc/native/3.4.1061/avr8-gnu-toolchain/bin/../lib/gcc/avr/4.8.1/avr5\libgcc.a(_divmodhi4.o)
                0x0000194c                _div
                0x0000194c                __divmodhi4
 .text.libgcc.div
                0x00001974       0x28 c:/program files (x86)/atmel/atmel toolchain/avr8 gcc/native/3.4.1061/avr8-gnu-toolchain/bin/../lib/gcc/avr/4.8.1/avr5\libgcc.a(_udivmodhi4.o)
                0x00001974                __udivmodhi4
 .text.avr-libc
                0x0000199c       0x96 c:/program files (x86)/atmel/atmel toolchain/avr8 gcc/native/3.4.1061/avr8-gnu-toolchain/bin/../lib/gcc/avr/4.8.1/../../../../avr/lib/avr5\libc.a(fdevopen.o)
                0x0000199c                fdevopen
 .text.avr-libc
                0x00001a32       0x28 c:/program files (x86)/atmel/atmel toolchain/avr8 gcc/native/3.4.1061/avr8-gnu-toolchain/bin/../lib/gcc/avr/4.8.1/../../../../avr/lib/avr5\libc.a(printf.o)
                0x00001a32                printf
 .text.avr-libc
                0x00001a5a        0xe c:/program files (x86)/atmel/atmel toolchain/avr8 gcc/native/3.4.1061/avr8-gnu-toolchain/bin/../lib/gcc/avr/4.8.1/../../../../avr/lib/avr5\libc.a(putchar.o)
                0x00001a5a                putchar
 .text.avr-libc
                0x00001a68      0x3a4 c:/program files (x86)/atmel/atmel toolchain/avr8 gcc/native/3.4.1061/avr8-gnu-toolchain/bin/../lib/gcc/avr/4.8.1/../../../../avr/lib/avr5\libc.a(vfprintf_std.o)
                0x00001a68                vfprintf
 .text.avr-libc
                0x00001e0c       0x38 c:/program files (x86)/atmel/atmel toolchain/avr8 gcc/native/3.4.1061/avr8-gnu-toolchain/bin/../lib/gcc/avr/4.8.1/../../../../avr/lib/avr5\libc.a(calloc.o)
                0x00001e0c                calloc
 .text.avr-libc
                0x00001e44      0x24e c:/program files (x86)/atmel/atmel toolchain/avr8 gcc/native/3.4.1061/avr8-gnu-toolchain/bin/../lib/gcc/avr/4.8.1/../../../../avr/lib/avr5\libc.a(malloc.o)
                0x00001e44                malloc
                0x00001f74                free
 .text.avr-libc
                0x00002092       0x16 c:/program files (x86)/atmel/atmel toolchain/avr8 gcc/native/3.4.1061/avr8-gnu-toolchain/bin/../lib/gcc/avr/4.8.1/../../../../avr/lib/avr5\libc.a(strnlen_P.o)
                0x00002092                strnlen_P
 .text.avr-libc
                0x000020a8        0xe c:/program files (x86)/atmel/atmel toolchain/avr8 gcc/native/3.4.1061/avr8-gnu-toolchain/bin/../lib/gcc/avr/4.8.1/../../../../avr/lib/avr5\libc.a(memset.o)
                0x000020a8                memset
 .text.avr-libc
                0x000020b6       0x16 c:/program files (x86)/atmel/atmel toolchain/avr8 gcc/native/3.4.1061/avr8-gnu-toolchain/bin/../lib/gcc/avr/4.8.1/../../../../avr/lib/avr5\libc.a(strnlen.o)
                0x000020b6                strnlen
 .text.avr-libc
                0x000020cc       0x64 c:/program files (x86)/atmel/atmel toolchain/avr8 gcc/native/3.4.1061/avr8-gnu-toolchain/bin/../lib/gcc/avr/4.8.1/../../../../avr/lib/avr5\libc.a(fputc.o)
                0x000020cc                fputc
 .text.avr-libc
                0x00002130       0xbc c:/program files (x86)/atmel/atmel toolchain/avr8 gcc/native/3.4.1061/avr8-gnu-toolchain/bin/../lib/gcc/avr/4.8.1/../../../../avr/lib/avr5\libc.a(ultoa_invert.o)
                0x00002130                __ultoa_invert
 .text.libgcc.prologue
                0x000021ec       0x38 c:/program files (x86)/atmel/atmel toolchain/avr8 gcc/native/3.4.1061/avr8-gnu-toolchain/bin/../lib/gcc/avr/4.8.1/avr5\libgcc.a(_prologue.o)
                0x000021ec                __prologue_saves__
 .text.libgcc.prologue
                0x00002224       0x36 c:/program files (x86)/atmel/atmel toolchain/avr8 gcc/native/3.4.1061/avr8-gnu-toolchain/bin/../lib/gcc/avr/4.8.1/avr5\libgcc.a(_epilogue.o)
                0x00002224                __epilogue_restores__
                0x0000225a                . = ALIGN (0x2)
 *(.fini9)
 .fini9         0x0000225a        0x0 c:/program files (x86)/atmel/atmel toolchain/avr8 gcc/native/3.4.1061/avr8-gnu-toolchain/bin/../lib/gcc/avr/4.8.1/avr5\libgcc.a(_exit.o)
                0x0000225a                _exit
                0x0000225a                exit
 *(.fini9)
 *(.fini8)
 *(.fini8)
 *(.fini7)
 *(.fini7)
 *(.fini6)
 *(.fini6)
 *(.fini5)
 *(.fini5)
 *(.fini4)
 *(.fini4)
 *(.fini3)
 *(.fini3)
 *(.fini2)
 *(.fini2)
 *(.fini1)
 *(.fini1)
 *(.fini0)
 .fini0         0x0000225a        0x4 c:/program files (x86)/atmel/atmel toolchain/avr8 gcc/native/3.4.1061/avr8-gnu-toolchain/bin/../lib/gcc/avr/4.8.1/avr5\libgcc.a(_exit.o)
 *(.fini0)
                0x0000225e                _etext = .

.data           0x00800100      0x240 load address 0x0000225e
                0x00800100                PROVIDE (__data_start, .)
 *(.data)
 .data          0x00800100        0x6 c:/program files (x86)/atmel/atmel toolchain/avr8 gcc/native/3.4.1061/avr8-gnu-toolchain/bin/../lib/gcc/avr/4.8.1/../../../../avr/lib/avr5\libc.a(malloc.o)
                0x00800100                __malloc_heap_end
                0x00800102                __malloc_heap_start
                0x00800104                __malloc_margin
 *(.data*)
 .data.rightButtonIsReady
                0x00800106        0x2 GAME/game.o
                0x00800106                rightButtonIsReady
 .data.last.2089
                0x00800108        0x1 OLED/MENU/menu.o
 *(.rodata)
 .rodata        0x00800109       0x14 OLED/MENU/menu.o
 *(.rodata*)
 .rodata.str1.1
                0x0080011d       0x7c CAN/can.o
                                 0x81 (size before relaxing)
 .rodata.str1.1
                0x00800199       0x1a main.o
 .rodata.str1.1
                0x008001b3      0x130 OLED/DISPLAY/display.o
                                0x13c (size before relaxing)
 .rodata.str1.1
                0x008002e3       0x52 OLED/MENU/menu.o
 .rodata.str1.1
                0x00800335        0xb PARSER/parser.o
 *(.gnu.linkonce.d*)
                0x00800340                . = ALIGN (0x2)
                0x00800340                _edata = .
                0x00800340                PROVIDE (__data_end, .)

.bss            0x00800340       0x2b
                0x00800340                PROVIDE (__bss_start, .)
 *(.bss)
 *(.bss*)
 .bss.highScores
                0x00800340        0x6 GAME/game.o
                0x00800340                highScores
 .bss.score     0x00800346        0x2 GAME/game.o
 .bss.mishap    0x00800348        0x2 GAME/game.o
 .bss.gameNumber
                0x0080034a        0x1 GAME/game.o
 .bss.gameRunning
                0x0080034b        0x2 GAME/game.o
                0x0080034b                gameRunning
 .bss.slider.2062
                0x0080034d        0x1 OLED/MENU/menu.o
 .bss.printmode
                0x0080034e        0x1 OLED/oled.o
 .bss.CURRENT_COL
                0x0080034f        0x2 OLED/oled.o
 .bss.CURRENT_LINE
                0x00800351        0x2 OLED/oled.o
 *(COMMON)
 COMMON         0x00800353        0x8 ADC/adc.o
                0x00800353                null_X
                0x00800355                pos
                0x00800359                null_Y
 COMMON         0x0080035b        0x6 GAME/game.o
                0x0080035b                oldPos
                0x0080035f                oldRightSliderPosition
 COMMON         0x00800361        0x6 c:/program files (x86)/atmel/atmel toolchain/avr8 gcc/native/3.4.1061/avr8-gnu-toolchain/bin/../lib/gcc/avr/4.8.1/../../../../avr/lib/avr5\libc.a(iob.o)
                0x00800361                __iob
 COMMON         0x00800367        0x4 c:/program files (x86)/atmel/atmel toolchain/avr8 gcc/native/3.4.1061/avr8-gnu-toolchain/bin/../lib/gcc/avr/4.8.1/../../../../avr/lib/avr5\libc.a(malloc.o)
                0x00800367                __brkval
                0x00800369                __flp
                0x0080036b                PROVIDE (__bss_end, .)
                0x0000225e                __data_load_start = LOADADDR (.data)
                0x0000249e                __data_load_end = (__data_load_start + SIZEOF (.data))

.noinit         0x0080036b        0x0
                0x0080036b                PROVIDE (__noinit_start, .)
 *(.noinit*)
                0x0080036b                PROVIDE (__noinit_end, .)
                0x0080036b                _end = .
                0x0080036b                PROVIDE (__heap_start, .)

.eeprom         0x00810000        0x0
 *(.eeprom*)
                0x00810000                __eeprom_end = .

.fuse
 *(.fuse)
 *(.lfuse)
 *(.hfuse)
 *(.efuse)

.lock
 *(.lock*)

.signature
 *(.signature*)

.user_signatures
 *(.user_signatures*)

.stab
 *(.stab)

.stabstr
 *(.stabstr)

.stab.excl
 *(.stab.excl)

.stab.exclstr
 *(.stab.exclstr)

.stab.index
 *(.stab.index)

.stab.indexstr
 *(.stab.indexstr)

.comment        0x00000000       0x5c
 *(.comment)
 .comment       0x00000000       0x30 ADC/adc.o
                                 0x31 (size before relaxing)
 .comment       0x00000000       0x31 BUTTONS/buttons.o
 .comment       0x00000000       0x31 CAN/can.o
 .comment       0x00000000       0x31 GAME/game.o
 .comment       0x00000000       0x31 main.o
 .comment       0x00000000       0x31 MCP/mcp.o
 .comment       0x00000000       0x31 OLED/DISPLAY/display.o
 .comment       0x00000000       0x31 OLED/FONTS/fonts.o
 .comment       0x00000000       0x31 OLED/MENU/menu.o
 .comment       0x00000000       0x31 OLED/oled.o
 .comment       0x00000000       0x31 PARSER/parser.o
 .comment       0x00000000       0x31 SPI/spi.o
 .comment       0x00000000       0x31 USART/usart.o
 .comment       0x00000000       0x31 c:/program files (x86)/atmel/atmel toolchain/avr8 gcc/native/3.4.1061/avr8-gnu-toolchain/bin/../lib/gcc/avr/4.8.1/../../../../avr/lib/avr5\libc.a(fdevopen.o)
 .comment       0x00000000       0x31 c:/program files (x86)/atmel/atmel toolchain/avr8 gcc/native/3.4.1061/avr8-gnu-toolchain/bin/../lib/gcc/avr/4.8.1/../../../../avr/lib/avr5\libc.a(iob.o)
 .comment       0x00000000       0x31 c:/program files (x86)/atmel/atmel toolchain/avr8 gcc/native/3.4.1061/avr8-gnu-toolchain/bin/../lib/gcc/avr/4.8.1/../../../../avr/lib/avr5\libc.a(printf.o)
 .comment       0x00000000       0x31 c:/program files (x86)/atmel/atmel toolchain/avr8 gcc/native/3.4.1061/avr8-gnu-toolchain/bin/../lib/gcc/avr/4.8.1/../../../../avr/lib/avr5\libc.a(putchar.o)
 .comment       0x00000030       0x2c c:/program files (x86)/atmel/atmel toolchain/avr8 gcc/native/3.4.1061/avr8-gnu-toolchain/bin/../lib/gcc/avr/4.8.1/../../../../avr/lib/avr5\libc.a(vfprintf_std.o)
                                 0x2d (size before relaxing)
 .comment       0x00000000       0x31 c:/program files (x86)/atmel/atmel toolchain/avr8 gcc/native/3.4.1061/avr8-gnu-toolchain/bin/../lib/gcc/avr/4.8.1/../../../../avr/lib/avr5\libc.a(calloc.o)
 .comment       0x00000000       0x31 c:/program files (x86)/atmel/atmel toolchain/avr8 gcc/native/3.4.1061/avr8-gnu-toolchain/bin/../lib/gcc/avr/4.8.1/../../../../avr/lib/avr5\libc.a(malloc.o)
 .comment       0x00000000       0x31 c:/program files (x86)/atmel/atmel toolchain/avr8 gcc/native/3.4.1061/avr8-gnu-toolchain/bin/../lib/gcc/avr/4.8.1/../../../../avr/lib/avr5\libc.a(fputc.o)

.note.gnu.build-id
 *(.note.gnu.build-id)

.debug
 *(.debug)

.line
 *(.line)

.debug_srcinfo
 *(.debug_srcinfo)

.debug_sfnames
 *(.debug_sfnames)

.debug_aranges  0x00000000      0x420
 *(.debug_aranges)
 .debug_aranges
                0x00000000       0x58 ADC/adc.o
 .debug_aranges
                0x00000058       0x38 BUTTONS/buttons.o
 .debug_aranges
                0x00000090       0x88 CAN/can.o
 .debug_aranges
                0x00000118       0x60 GAME/game.o
 .debug_aranges
                0x00000178       0x30 main.o
 .debug_aranges
                0x000001a8       0x60 MCP/mcp.o
 .debug_aranges
                0x00000208       0x70 OLED/DISPLAY/display.o
 .debug_aranges
                0x00000278       0x20 OLED/FONTS/fonts.o
 .debug_aranges
                0x00000298       0x58 OLED/MENU/menu.o
 .debug_aranges
                0x000002f0       0x80 OLED/oled.o
 .debug_aranges
                0x00000370       0x20 PARSER/parser.o
 .debug_aranges
                0x00000390       0x48 SPI/spi.o
 .debug_aranges
                0x000003d8       0x48 USART/usart.o

.debug_pubnames
 *(.debug_pubnames)

.debug_info     0x00000000     0x48d6
 *(.debug_info .gnu.linkonce.wi.*)
 .debug_info    0x00000000      0x619 ADC/adc.o
 .debug_info    0x00000619      0x153 BUTTONS/buttons.o
 .debug_info    0x0000076c      0xb1d CAN/can.o
 .debug_info    0x00001289      0x6a9 GAME/game.o
 .debug_info    0x00001932      0x31f main.o
 .debug_info    0x00001c51      0x4e1 MCP/mcp.o
 .debug_info    0x00002132      0xde7 OLED/DISPLAY/display.o
 .debug_info    0x00002f19      0x141 OLED/FONTS/fonts.o
 .debug_info    0x0000305a      0x86b OLED/MENU/menu.o
 .debug_info    0x000038c5      0xa9c OLED/oled.o
 .debug_info    0x00004361      0x192 PARSER/parser.o
 .debug_info    0x000044f3      0x1aa SPI/spi.o
 .debug_info    0x0000469d      0x239 USART/usart.o

.debug_abbrev   0x00000000     0x172b
 *(.debug_abbrev)
 .debug_abbrev  0x00000000      0x255 ADC/adc.o
 .debug_abbrev  0x00000255       0xa7 BUTTONS/buttons.o
 .debug_abbrev  0x000002fc      0x32c CAN/can.o
 .debug_abbrev  0x00000628      0x1fe GAME/game.o
 .debug_abbrev  0x00000826      0x18c main.o
 .debug_abbrev  0x000009b2      0x1aa MCP/mcp.o
 .debug_abbrev  0x00000b5c      0x217 OLED/DISPLAY/display.o
 .debug_abbrev  0x00000d73       0xd1 OLED/FONTS/fonts.o
 .debug_abbrev  0x00000e44      0x2da OLED/MENU/menu.o
 .debug_abbrev  0x0000111e      0x26d OLED/oled.o
 .debug_abbrev  0x0000138b      0x12f PARSER/parser.o
 .debug_abbrev  0x000014ba      0x12f SPI/spi.o
 .debug_abbrev  0x000015e9      0x142 USART/usart.o

.debug_line     0x00000000     0x19bc
 *(.debug_line .debug_line.* .debug_line_end)
 .debug_line    0x00000000      0x22c ADC/adc.o
 .debug_line    0x0000022c      0x103 BUTTONS/buttons.o
 .debug_line    0x0000032f      0x3b4 CAN/can.o
 .debug_line    0x000006e3      0x1c1 GAME/game.o
 .debug_line    0x000008a4      0x1e0 main.o
 .debug_line    0x00000a84      0x209 MCP/mcp.o
 .debug_line    0x00000c8d      0x3bc OLED/DISPLAY/display.o
 .debug_line    0x00001049       0xc1 OLED/FONTS/fonts.o
 .debug_line    0x0000110a      0x397 OLED/MENU/menu.o
 .debug_line    0x000014a1      0x1aa OLED/oled.o
 .debug_line    0x0000164b       0xf7 PARSER/parser.o
 .debug_line    0x00001742      0x138 SPI/spi.o
 .debug_line    0x0000187a      0x142 USART/usart.o

.debug_frame    0x00000000      0xbdc
 *(.debug_frame)
 .debug_frame   0x00000000       0xa8 ADC/adc.o
 .debug_frame   0x000000a8       0x54 BUTTONS/buttons.o
 .debug_frame   0x000000fc      0x210 CAN/can.o
 .debug_frame   0x0000030c      0x114 GAME/game.o
 .debug_frame   0x00000420       0x44 main.o
 .debug_frame   0x00000464      0x104 MCP/mcp.o
 .debug_frame   0x00000568      0x268 OLED/DISPLAY/display.o
 .debug_frame   0x000007d0       0x24 OLED/FONTS/fonts.o
 .debug_frame   0x000007f4      0x160 OLED/MENU/menu.o
 .debug_frame   0x00000954      0x140 OLED/oled.o
 .debug_frame   0x00000a94       0x24 PARSER/parser.o
 .debug_frame   0x00000ab8       0x84 SPI/spi.o
 .debug_frame   0x00000b3c       0xa0 USART/usart.o

.debug_str      0x00000000      0xc09
 *(.debug_str)
 .debug_str     0x00000000      0x2c3 ADC/adc.o
                                0x2fc (size before relaxing)
 .debug_str     0x000002c3       0x85 BUTTONS/buttons.o
                                0x20e (size before relaxing)
 .debug_str     0x00000348      0x254 CAN/can.o
                                0x448 (size before relaxing)
 .debug_str     0x0000059c      0x19e GAME/game.o
                                0x3eb (size before relaxing)
 .debug_str     0x0000073a       0x87 main.o
                                0x24d (size before relaxing)
 .debug_str     0x000007c1       0xb1 MCP/mcp.o
                                0x2d2 (size before relaxing)
 .debug_str     0x00000872       0xf5 OLED/DISPLAY/display.o
                                0x36e (size before relaxing)
 .debug_str     0x00000967       0x63 OLED/FONTS/fonts.o
                                0x1da (size before relaxing)
 .debug_str     0x000009ca       0xf3 OLED/MENU/menu.o
                                0x48f (size before relaxing)
 .debug_str     0x00000abd       0xc8 OLED/oled.o
                                0x2f2 (size before relaxing)
 .debug_str     0x00000b85       0x13 PARSER/parser.o
                                0x1fd (size before relaxing)
 .debug_str     0x00000b98       0x2d SPI/spi.o
                                0x211 (size before relaxing)
 .debug_str     0x00000bc5       0x44 USART/usart.o
                                0x1ff (size before relaxing)

.debug_loc      0x00000000     0x2c0a
 *(.debug_loc)
 .debug_loc     0x00000000      0x280 ADC/adc.o
 .debug_loc     0x00000280       0x48 BUTTONS/buttons.o
 .debug_loc     0x000002c8      0x952 CAN/can.o
 .debug_loc     0x00000c1a      0x277 GAME/game.o
 .debug_loc     0x00000e91      0x3f7 MCP/mcp.o
 .debug_loc     0x00001288      0xb91 OLED/DISPLAY/display.o
 .debug_loc     0x00001e19       0x54 OLED/FONTS/fonts.o
 .debug_loc     0x00001e6d      0x5a5 OLED/MENU/menu.o
 .debug_loc     0x00002412      0x4e5 OLED/oled.o
 .debug_loc     0x000028f7       0xc6 PARSER/parser.o
 .debug_loc     0x000029bd       0x48 SPI/spi.o
 .debug_loc     0x00002a05      0x205 USART/usart.o

.debug_macinfo
 *(.debug_macinfo)

.debug_weaknames
 *(.debug_weaknames)

.debug_funcnames
 *(.debug_funcnames)

.debug_typenames
 *(.debug_typenames)

.debug_varnames
 *(.debug_varnames)

.debug_pubtypes
 *(.debug_pubtypes)

.debug_ranges   0x00000000      0x398
 *(.debug_ranges)
 .debug_ranges  0x00000000       0x48 ADC/adc.o
 .debug_ranges  0x00000048       0x28 BUTTONS/buttons.o
 .debug_ranges  0x00000070       0x90 CAN/can.o
 .debug_ranges  0x00000100       0x50 GAME/game.o
 .debug_ranges  0x00000150       0x20 main.o
 .debug_ranges  0x00000170       0x50 MCP/mcp.o
 .debug_ranges  0x000001c0       0x60 OLED/DISPLAY/display.o
 .debug_ranges  0x00000220       0x10 OLED/FONTS/fonts.o
 .debug_ranges  0x00000230       0x60 OLED/MENU/menu.o
 .debug_ranges  0x00000290       0x88 OLED/oled.o
 .debug_ranges  0x00000318       0x10 PARSER/parser.o
 .debug_ranges  0x00000328       0x38 SPI/spi.o
 .debug_ranges  0x00000360       0x38 USART/usart.o

.debug_macro
 *(.debug_macro)
OUTPUT(TDK4155_Group1_Node1.elf elf32-avr)
LOAD linker stubs
